Archive member included to satisfy reference by file (symbol)

C:/msys64/mingw64/bin/../lib/gcc/arm-none-eabi/13.3.0/../../../../arm-none-eabi/lib/thumb/v7e-m+fp/hard\libc_nano.a(libc_a-atexit.o)
                              C:/msys64/mingw64/bin/../lib/gcc/arm-none-eabi/13.3.0/../../../../arm-none-eabi/lib/thumb/v7e-m+fp/hard/crt0.o (atexit)
C:/msys64/mingw64/bin/../lib/gcc/arm-none-eabi/13.3.0/../../../../arm-none-eabi/lib/thumb/v7e-m+fp/hard\libc_nano.a(libc_a-exit.o)
                              C:/msys64/mingw64/bin/../lib/gcc/arm-none-eabi/13.3.0/../../../../arm-none-eabi/lib/thumb/v7e-m+fp/hard/crt0.o (exit)
C:/msys64/mingw64/bin/../lib/gcc/arm-none-eabi/13.3.0/../../../../arm-none-eabi/lib/thumb/v7e-m+fp/hard\libc_nano.a(libc_a-nano-vfprintf_float.o)
                              (_printf_float)
C:/msys64/mingw64/bin/../lib/gcc/arm-none-eabi/13.3.0/../../../../arm-none-eabi/lib/thumb/v7e-m+fp/hard\libc_nano.a(libc_a-nano-vfprintf_i.o)
                              C:/msys64/mingw64/bin/../lib/gcc/arm-none-eabi/13.3.0/../../../../arm-none-eabi/lib/thumb/v7e-m+fp/hard\libc_nano.a(libc_a-nano-vfprintf_float.o) (_printf_common)
C:/msys64/mingw64/bin/../lib/gcc/arm-none-eabi/13.3.0/../../../../arm-none-eabi/lib/thumb/v7e-m+fp/hard\libc_nano.a(libc_a-nano-vfscanf_float.o)
                              (_scanf_float)
C:/msys64/mingw64/bin/../lib/gcc/arm-none-eabi/13.3.0/../../../../arm-none-eabi/lib/thumb/v7e-m+fp/hard\libc_nano.a(libc_a-findfp.o)
                              C:/msys64/mingw64/bin/../lib/gcc/arm-none-eabi/13.3.0/../../../../arm-none-eabi/lib/thumb/v7e-m+fp/hard\libc_nano.a(libc_a-exit.o) (__stdio_exit_handler)
C:/msys64/mingw64/bin/../lib/gcc/arm-none-eabi/13.3.0/../../../../arm-none-eabi/lib/thumb/v7e-m+fp/hard\libc_nano.a(libc_a-fwalk.o)
                              C:/msys64/mingw64/bin/../lib/gcc/arm-none-eabi/13.3.0/../../../../arm-none-eabi/lib/thumb/v7e-m+fp/hard\libc_nano.a(libc_a-findfp.o) (_fwalk_sglue)
C:/msys64/mingw64/bin/../lib/gcc/arm-none-eabi/13.3.0/../../../../arm-none-eabi/lib/thumb/v7e-m+fp/hard\libc_nano.a(libc_a-sprintf.o)
                              C:/msys64/mingw64/bin/../lib/gcc/arm-none-eabi/13.3.0/../../../../arm-none-eabi/lib/thumb/v7e-m+fp/hard\libc_nano.a(libc_a-nano-vfscanf_float.o) (sprintf)
C:/msys64/mingw64/bin/../lib/gcc/arm-none-eabi/13.3.0/../../../../arm-none-eabi/lib/thumb/v7e-m+fp/hard\libc_nano.a(libc_a-stdio.o)
                              C:/msys64/mingw64/bin/../lib/gcc/arm-none-eabi/13.3.0/../../../../arm-none-eabi/lib/thumb/v7e-m+fp/hard\libc_nano.a(libc_a-findfp.o) (__sread)
C:/msys64/mingw64/bin/../lib/gcc/arm-none-eabi/13.3.0/../../../../arm-none-eabi/lib/thumb/v7e-m+fp/hard\libc_nano.a(libc_a-memset.o)
                              C:/msys64/mingw64/bin/../lib/gcc/arm-none-eabi/13.3.0/../../../../arm-none-eabi/lib/thumb/v7e-m+fp/hard/crt0.o (memset)
C:/msys64/mingw64/bin/../lib/gcc/arm-none-eabi/13.3.0/../../../../arm-none-eabi/lib/thumb/v7e-m+fp/hard\libc_nano.a(libc_a-localeconv.o)
                              C:/msys64/mingw64/bin/../lib/gcc/arm-none-eabi/13.3.0/../../../../arm-none-eabi/lib/thumb/v7e-m+fp/hard\libc_nano.a(libc_a-nano-vfprintf_float.o) (_localeconv_r)
C:/msys64/mingw64/bin/../lib/gcc/arm-none-eabi/13.3.0/../../../../arm-none-eabi/lib/thumb/v7e-m+fp/hard\libc_nano.a(libc_a-closer.o)
                              C:/msys64/mingw64/bin/../lib/gcc/arm-none-eabi/13.3.0/../../../../arm-none-eabi/lib/thumb/v7e-m+fp/hard\libc_nano.a(libc_a-stdio.o) (_close_r)
C:/msys64/mingw64/bin/../lib/gcc/arm-none-eabi/13.3.0/../../../../arm-none-eabi/lib/thumb/v7e-m+fp/hard\libc_nano.a(libc_a-reent.o)
                              C:/msys64/mingw64/bin/../lib/gcc/arm-none-eabi/13.3.0/../../../../arm-none-eabi/lib/thumb/v7e-m+fp/hard\libc_nano.a(libc_a-closer.o) (errno)
C:/msys64/mingw64/bin/../lib/gcc/arm-none-eabi/13.3.0/../../../../arm-none-eabi/lib/thumb/v7e-m+fp/hard\libc_nano.a(libc_a-impure.o)
                              C:/msys64/mingw64/bin/../lib/gcc/arm-none-eabi/13.3.0/../../../../arm-none-eabi/lib/thumb/v7e-m+fp/hard\libc_nano.a(libc_a-sprintf.o) (_impure_ptr)
C:/msys64/mingw64/bin/../lib/gcc/arm-none-eabi/13.3.0/../../../../arm-none-eabi/lib/thumb/v7e-m+fp/hard\libc_nano.a(libc_a-lseekr.o)
                              C:/msys64/mingw64/bin/../lib/gcc/arm-none-eabi/13.3.0/../../../../arm-none-eabi/lib/thumb/v7e-m+fp/hard\libc_nano.a(libc_a-stdio.o) (_lseek_r)
C:/msys64/mingw64/bin/../lib/gcc/arm-none-eabi/13.3.0/../../../../arm-none-eabi/lib/thumb/v7e-m+fp/hard\libc_nano.a(libc_a-readr.o)
                              C:/msys64/mingw64/bin/../lib/gcc/arm-none-eabi/13.3.0/../../../../arm-none-eabi/lib/thumb/v7e-m+fp/hard\libc_nano.a(libc_a-stdio.o) (_read_r)
C:/msys64/mingw64/bin/../lib/gcc/arm-none-eabi/13.3.0/../../../../arm-none-eabi/lib/thumb/v7e-m+fp/hard\libc_nano.a(libc_a-writer.o)
[...]
Memory Configuration

Name             Origin             Length             Attributes
MFLASH           0x00000000         0x00010000         xr
BFLASH           0x00000000         0x00000c00         xr
RAM              0x20000000         0x00004000         xrw
*default*        0x00000000         0xffffffff

Linker script and memory map

LOAD C:/msys64/mingw64/bin/../lib/gcc/arm-none-eabi/13.3.0/thumb/v7e-m+fp/hard/crti.o
LOAD C:/msys64/mingw64/bin/../lib/gcc/arm-none-eabi/13.3.0/thumb/v7e-m+fp/hard/crtbegin.o
LOAD C:/msys64/mingw64/bin/../lib/gcc/arm-none-eabi/13.3.0/../../../../arm-none-eabi/lib/thumb/v7e-m+fp/hard/crt0.o
LOAD C:/msys64/mingw64/bin/../lib/gcc/arm-none-eabi/13.3.0/thumb/v7e-m+fp/hard\libgcc.a
LOAD C:/msys64/mingw64/bin/../lib/gcc/arm-none-eabi/13.3.0/../../../../arm-none-eabi/lib/thumb/v7e-m+fp/hard\libc_nano.a
LOAD CMakeFiles/blinky.elf.dir/7be9e89345f91d1c34828d88d787f678/NIIET/K1921VK035/Source/system_K1921VK035.c.obj
LOAD CMakeFiles/blinky.elf.dir/89453849d6d115cef422537725914b7b/retarget/Template/K1921VK035/retarget_conf.c.obj
LOAD CMakeFiles/blinky.elf.dir/665cb2cdd5c880f78f367d28651725ea/projects/NIIET-BB-K1921VK035/blinky/app/main.c.obj
LOAD CMakeFiles/blinky.elf.dir/7be9e89345f91d1c34828d88d787f678/NIIET/K1921VK035/Source/GCC/startup_K1921VK035.S.obj
LOAD CMakeFiles/blinky.elf.dir/665cb2cdd5c880f78f367d28651725ea/platform/retarget/retarget.c.obj
START GROUP
LOAD C:/msys64/mingw64/bin/../lib/gcc/arm-none-eabi/13.3.0/thumb/v7e-m+fp/hard\libgcc.a
LOAD C:/msys64/mingw64/bin/../lib/gcc/arm-none-eabi/13.3.0/../../../../arm-none-eabi/lib/thumb/v7e-m+fp/hard\libg_nano.a
LOAD C:/msys64/mingw64/bin/../lib/gcc/arm-none-eabi/13.3.0/../../../../arm-none-eabi/lib/thumb/v7e-m+fp/hard\libc_nano.a
END GROUP
START GROUP
LOAD C:/msys64/mingw64/bin/../lib/gcc/arm-none-eabi/13.3.0/thumb/v7e-m+fp/hard\libgcc.a
LOAD C:/msys64/mingw64/bin/../lib/gcc/arm-none-eabi/13.3.0/../../../../arm-none-eabi/lib/thumb/v7e-m+fp/hard\libc_nano.a
LOAD C:/msys64/mingw64/bin/../lib/gcc/arm-none-eabi/13.3.0/../../../../arm-none-eabi/lib/thumb/v7e-m+fp/hard\libnosys.a
END GROUP
START GROUP
LOAD C:/msys64/mingw64/bin/../lib/gcc/arm-none-eabi/13.3.0/thumb/v7e-m+fp/hard\libgcc.a
LOAD C:/msys64/mingw64/bin/../lib/gcc/arm-none-eabi/13.3.0/../../../../arm-none-eabi/lib/thumb/v7e-m+fp/hard\libc_nano.a
LOAD C:/msys64/mingw64/bin/../lib/gcc/arm-none-eabi/13.3.0/../../../../arm-none-eabi/lib/thumb/v7e-m+fp/hard\libnosys.a
END GROUP
LOAD C:/msys64/mingw64/bin/../lib/gcc/arm-none-eabi/13.3.0/thumb/v7e-m+fp/hard/crtend.o
LOAD C:/msys64/mingw64/bin/../lib/gcc/arm-none-eabi/13.3.0/thumb/v7e-m+fp/hard/crtn.o

.text           0x00000000     0x8584
 *(.isr_vector)
 .isr_vector    0x00000000      0x158 CMakeFiles/blinky.elf.dir/7be9e89345f91d1c34828d88d787f678/NIIET/K1921VK035/Source/GCC/startup_K1921VK035.S.obj
                0x00000000                __isr_vector
 *(.text*)
 .text.__do_global_dtors_aux
                0x00000158       0x24 C:/msys64/mingw64/bin/../lib/gcc/arm-none-eabi/13.3.0/thumb/v7e-m+fp/hard/crtbegin.o
 .text.frame_dummy
                0x0000017c       0x1c C:/msys64/mingw64/bin/../lib/gcc/arm-none-eabi/13.3.0/thumb/v7e-m+fp/hard/crtbegin.o
 .text          0x00000198       0x70 C:/msys64/mingw64/bin/../lib/gcc/arm-none-eabi/13.3.0/../../../../arm-none-eabi/lib/thumb/v7e-m+fp/hard/crt0.o
                0x00000198                _stack_init
                0x000001a0                _start
                0x000001a0                _mainCRTStartup
 .text          0x00000208        0xc C:/msys64/mingw64/bin/../lib/gcc/arm-none-eabi/13.3.0/../../../../arm-none-eabi/lib/thumb/v7e-m+fp/hard\libc_nano.a(libc_a-atexit.o)
                0x00000208                atexit
 .text          0x00000214       0x24 C:/msys64/mingw64/bin/../lib/gcc/arm-none-eabi/13.3.0/../../../../arm-none-eabi/lib/thumb/v7e-m+fp/hard\libc_nano.a(libc_a-exit.o)
                0x00000214                exit
 .text          0x00000238      0x6b0 C:/msys64/mingw64/bin/../lib/gcc/arm-none-eabi/13.3.0/../../../../arm-none-eabi/lib/thumb/v7e-m+fp/hard\libc_nano.a(libc_a-nano-vfprintf_float.o)
                0x00000238                __cvt
                0x00000348                __exponent
                0x000003cc                _printf_float
 .text          0x000008e8      0x3a8 C:/msys64/mingw64/bin/../lib/gcc/arm-none-eabi/13.3.0/../../../../arm-none-eabi/lib/thumb/v7e-m+fp/hard\libc_nano.a(libc_a-nano-vfprintf_i.o)
                0x000008e8                _printf_common
                0x00000a0c                _printf_i
 .text          0x00000c90      0x48c C:/msys64/mingw64/bin/../lib/gcc/arm-none-eabi/13.3.0/../../../../arm-none-eabi/lib/thumb/v7e-m+fp/hard\libc_nano.a(libc_a-nano-vfscanf_float.o)
                0x00000c90                _scanf_float
 .text          0x0000111c      0x2dc C:/msys64/mingw64/bin/../lib/gcc/arm-none-eabi/13.3.0/../../../../arm-none-eabi/lib/thumb/v7e-m+fp/hard\libc_nano.a(libc_a-findfp.o)
                0x00001298                __sfp
                0x00001358                __sinit
                0x00001398                __sfp_lock_acquire
                0x000013a4                __sfp_lock_release
                0x000013b0                __fp_lock_all
                0x000013d4                __fp_unlock_all
 .text          0x000013f8       0x44 C:/msys64/mingw64/bin/../lib/gcc/arm-none-eabi/13.3.0/../../../../arm-none-eabi/lib/thumb/v7e-m+fp/hard\libc_nano.a(libc_a-fwalk.o)
                0x000013f8                _fwalk_sglue
 .text          0x0000143c       0x80 C:/msys64/mingw64/bin/../lib/gcc/arm-none-eabi/13.3.0/../../../../arm-none-eabi/lib/thumb/v7e-m+fp/hard\libc_nano.a(libc_a-sprintf.o)
                0x0000143c                _sprintf_r
                0x0000143c                _siprintf_r
                0x00001478                siprintf
                0x00001478                sprintf
 .text          0x000014bc       0x94 C:/msys64/mingw64/bin/../lib/gcc/arm-none-eabi/13.3.0/../../../../arm-none-eabi/lib/thumb/v7e-m+fp/hard\libc_nano.a(libc_a-stdio.o)
                0x000014bc                __sread
                0x000014e0                __seofread
                0x000014e4                __swrite
                0x00001524                __sseek
                0x00001548                __sclose
 .text          0x00001550       0xa4 C:/msys64/mingw64/bin/../lib/gcc/arm-none-eabi/13.3.0/../../../../arm-none-eabi/lib/thumb/v7e-m+fp/hard\libc_nano.a(libc_a-memset.o)
                0x00001550                memset
 .text          0x000015f4       0x14 C:/msys64/mingw64/bin/../lib/gcc/arm-none-eabi/13.3.0/../../../../arm-none-eabi/lib/thumb/v7e-m+fp/hard\libc_nano.a(libc_a-localeconv.o)
                0x000015f4                __localeconv_l
                0x000015f8                _localeconv_r
                0x00001600                localeconv
 .text          0x00001608       0x24 C:/msys64/mingw64/bin/../lib/gcc/arm-none-eabi/13.3.0/../../../../arm-none-eabi/lib/thumb/v7e-m+fp/hard\libc_nano.a(libc_a-closer.o)
                0x00001608                _close_r
 .text          0x0000162c       0x2c C:/msys64/mingw64/bin/../lib/gcc/arm-none-eabi/13.3.0/../../../../arm-none-eabi/lib/thumb/v7e-m+fp/hard\libc_nano.a(libc_a-lseekr.o)
                0x0000162c                _lseek_r
 .text          0x00001658       0x2c C:/msys64/mingw64/bin/../lib/gcc/arm-none-eabi/13.3.0/../../../../arm-none-eabi/lib/thumb/v7e-m+fp/hard\libc_nano.a(libc_a-readr.o)
                0x00001658                _read_r
 .text          0x00001684       0x2c C:/msys64/mingw64/bin/../lib/gcc/arm-none-eabi/13.3.0/../../../../arm-none-eabi/lib/thumb/v7e-m+fp/hard\libc_nano.a(libc_a-writer.o)
                0x00001684                _write_r
 .text          0x000016b0       0x50 C:/msys64/mingw64/bin/../lib/gcc/arm-none-eabi/13.3.0/../../../../arm-none-eabi/lib/thumb/v7e-m+fp/hard\libc_nano.a(libc_a-init.o)
                0x000016b0                __libc_init_array
 .text          0x00001700       0x28 C:/msys64/mingw64/bin/../lib/gcc/arm-none-eabi/13.3.0/../../../../arm-none-eabi/lib/thumb/v7e-m+fp/hard\libc_nano.a(libc_a-fini.o)
                0x00001700                __libc_fini_array
 .text          0x00001728       0x28 C:/msys64/mingw64/bin/../lib/gcc/arm-none-eabi/13.3.0/../../../../arm-none-eabi/lib/thumb/v7e-m+fp/hard\libc_nano.a(libc_a-lock.o)
                0x00001728                __retarget_lock_init
                0x0000172c                __retarget_lock_init_recursive
                0x00001730                __retarget_lock_close
                0x00001734                __retarget_lock_close_recursive
                0x00001738                __retarget_lock_acquire
                0x0000173c                __retarget_lock_acquire_recursive
                0x00001740                __retarget_lock_try_acquire
                0x00001744                __retarget_lock_try_acquire_recursive
                0x00001748                __retarget_lock_release
                0x0000174c                __retarget_lock_release_recursive
 .text          0x00001750       0xa0 C:/msys64/mingw64/bin/../lib/gcc/arm-none-eabi/13.3.0/../../../../arm-none-eabi/lib/thumb/v7e-m+fp/hard\libc_nano.a(libc_a-memchr.o)
                0x00001750                memchr
 *fill*         0x000017f0       0x10 
 .text          0x00001800       0xd8 C:/msys64/mingw64/bin/../lib/gcc/arm-none-eabi/13.3.0/../../../../arm-none-eabi/lib/thumb/v7e-m+fp/hard\libc_nano.a(libc_a-strlen.o)
                0x00001800                strlen
 .text          0x000018d8        0xc C:/msys64/mingw64/bin/../lib/gcc/arm-none-eabi/13.3.0/../../../../arm-none-eabi/lib/thumb/v7e-m+fp/hard\libc_nano.a(libm_a-sf_nan.o)
                0x000018d8                nanf
 .text          0x000018e4       0xbc C:/msys64/mingw64/bin/../lib/gcc/arm-none-eabi/13.3.0/../../../../arm-none-eabi/lib/thumb/v7e-m+fp/hard\libc_nano.a(libc_a-__atexit.o)
                0x000018e4                __register_exitproc
 .text          0x000019a0       0xd8 C:/msys64/mingw64/bin/../lib/gcc/arm-none-eabi/13.3.0/../../../../arm-none-eabi/lib/thumb/v7e-m+fp/hard\libc_nano.a(libc_a-__call_atexit.o)
                0x000019a0                __call_exitprocs
 .text          0x00001a78      0xfdc C:/msys64/mingw64/bin/../lib/gcc/arm-none-eabi/13.3.0/../../../../arm-none-eabi/lib/thumb/v7e-m+fp/hard\libc_nano.a(libc_a-dtoa.o)
                0x00001ba4                _dtoa_r
 .text          0x00002a54       0xbc C:/msys64/mingw64/bin/../lib/gcc/arm-none-eabi/13.3.0/../../../../arm-none-eabi/lib/thumb/v7e-m+fp/hard\libc_nano.a(libc_a-freer.o)
                0x00002a54                _free_r
 .text          0x00002b10       0x20 C:/msys64/mingw64/bin/../lib/gcc/arm-none-eabi/13.3.0/../../../../arm-none-eabi/lib/thumb/v7e-m+fp/hard\libc_nano.a(libc_a-malloc.o)
                0x00002b10                malloc
                0x00002b20                free
 .text          0x00002b30      0x148 C:/msys64/mingw64/bin/../lib/gcc/arm-none-eabi/13.3.0/../../../../arm-none-eabi/lib/thumb/v7e-m+fp/hard\libc_nano.a(libc_a-mallocr.o)
                0x00002b78                _malloc_r
 .text          0x00002c78       0x18 C:/msys64/mingw64/bin/../lib/gcc/arm-none-eabi/13.3.0/../../../../arm-none-eabi/lib/thumb/v7e-m+fp/hard\libc_nano.a(libc_a-mlock.o)
                0x00002c78                __malloc_lock
                0x00002c84                __malloc_unlock
 .text          0x00002c90      0xb10 C:/msys64/mingw64/bin/../lib/gcc/arm-none-eabi/13.3.0/../../../../arm-none-eabi/lib/thumb/v7e-m+fp/hard\libc_nano.a(libc_a-mprec.o)
                0x00002c90                _Balloc
                0x00002d10                _Bfree
                0x00002d58                __multadd
                0x00002df4                __s2b
                0x00002ea8                __hi0bits
                0x00002eec                __lo0bits
                0x00002f4c                __i2b
                0x00002f78                __multiply
                0x000030e4                __pow5mult
                0x000031c4                __lshift
                0x000032ac                __mcmp
                0x000032f0                __mdiff
                0x00003468                __ulp
                0x000034cc                __b2d
                0x00003588                __d2b
                0x00003648                __ratio
                0x000036a8                _mprec_log10
                0x000036e8                __copybits
                0x00003744                __any_on
 .text          0x000037a0     0x11bc C:/msys64/mingw64/bin/../lib/gcc/arm-none-eabi/13.3.0/../../../../arm-none-eabi/lib/thumb/v7e-m+fp/hard\libc_nano.a(libc_a-strtod.o)
                0x000037a0                _strtod_l
                0x00004794                _strtod_r
                0x000047a0                strtod_l
                0x000047bc                strtod
                0x000047dc                strtof_l
                0x0000488c                strtof
 .text          0x0000495c      0x16c C:/msys64/mingw64/bin/../lib/gcc/arm-none-eabi/13.3.0/../../../../arm-none-eabi/lib/thumb/v7e-m+fp/hard\libc_nano.a(libc_a-strtol.o)
                0x00004a94                _strtol_r
                0x00004a98                strtol_l
                0x00004ab0                strtol
 .text          0x00004ac8      0x400 C:/msys64/mingw64/bin/../lib/gcc/arm-none-eabi/13.3.0/../../../../arm-none-eabi/lib/thumb/v7e-m+fp/hard\libc_nano.a(libc_a-nano-svfprintf.o)
                0x00004ac8                __ssputs_r
                0x00004b88                __ssprint_r
                0x00004c90                _svfiprintf_r
                0x00004c90                _svfprintf_r
 .text          0x00004ec8      0x1a4 C:/msys64/mingw64/bin/../lib/gcc/arm-none-eabi/13.3.0/../../../../arm-none-eabi/lib/thumb/v7e-m+fp/hard\libc_nano.a(libc_a-fflush.o)
                0x00004ec8                __sflush_r
                0x00004fec                _fflush_r
                0x00005044                fflush
 .text          0x0000506c      0x100 C:/msys64/mingw64/bin/../lib/gcc/arm-none-eabi/13.3.0/../../../../arm-none-eabi/lib/thumb/v7e-m+fp/hard\libc_nano.a(libc_a-memmove.o)
                0x0000506c                memmove
 .text          0x0000516c       0x8c C:/msys64/mingw64/bin/../lib/gcc/arm-none-eabi/13.3.0/../../../../arm-none-eabi/lib/thumb/v7e-m+fp/hard\libc_nano.a(libc_a-strncmp.o)
                0x0000516c                strncmp
 .text          0x000051f8       0x24 C:/msys64/mingw64/bin/../lib/gcc/arm-none-eabi/13.3.0/../../../../arm-none-eabi/lib/thumb/v7e-m+fp/hard\libc_nano.a(libc_a-sbrkr.o)
                0x000051f8                _sbrk_r
 .text          0x0000521c        0xc C:/msys64/mingw64/bin/../lib/gcc/arm-none-eabi/13.3.0/../../../../arm-none-eabi/lib/thumb/v7e-m+fp/hard\libc_nano.a(libc_a-errno.o)
                0x0000521c                __errno
 .text          0x00005228      0x134 C:/msys64/mingw64/bin/../lib/gcc/arm-none-eabi/13.3.0/../../../../arm-none-eabi/lib/thumb/v7e-m+fp/hard\libc_nano.a(libc_a-memcpy.o)
                0x00005228                memcpy
 *fill*         0x0000535c        0x4 
 .text          0x00005360       0x10 C:/msys64/mingw64/bin/../lib/gcc/arm-none-eabi/13.3.0/../../../../arm-none-eabi/lib/thumb/v7e-m+fp/hard\libc_nano.a(libm_a-s_nan.o)
                0x00005360                nan
 .text          0x00005370       0x4c C:/msys64/mingw64/bin/../lib/gcc/arm-none-eabi/13.3.0/../../../../arm-none-eabi/lib/thumb/v7e-m+fp/hard\libc_nano.a(libc_a-assert.o)
                0x00005370                __assert_func
                0x000053b0                __assert
 .text          0x000053bc       0x28 C:/msys64/mingw64/bin/../lib/gcc/arm-none-eabi/13.3.0/../../../../arm-none-eabi/lib/thumb/v7e-m+fp/hard\libc_nano.a(libc_a-callocr.o)
                0x000053bc                _calloc_r
 .text          0x000053e4      0x630 C:/msys64/mingw64/bin/../lib/gcc/arm-none-eabi/13.3.0/../../../../arm-none-eabi/lib/thumb/v7e-m+fp/hard\libc_nano.a(libc_a-gdtoa-gethex.o)
                0x00005488                __gethex
 .text          0x00005a14      0x204 C:/msys64/mingw64/bin/../lib/gcc/arm-none-eabi/13.3.0/../../../../arm-none-eabi/lib/thumb/v7e-m+fp/hard\libc_nano.a(libc_a-gdtoa-hexnan.o)
                0x00005a14                __match
                0x00005a4c                __hexnan
 .text          0x00005c18       0x40 C:/msys64/mingw64/bin/../lib/gcc/arm-none-eabi/13.3.0/../../../../arm-none-eabi/lib/thumb/v7e-m+fp/hard\libc_nano.a(libc_a-mbtowc_r.o)
                0x00005c18                _mbtowc_r
                0x00005c2c                __ascii_mbtowc
 .text          0x00005c58       0x64 C:/msys64/mingw64/bin/../lib/gcc/arm-none-eabi/13.3.0/../../../../arm-none-eabi/lib/thumb/v7e-m+fp/hard\libc_nano.a(libc_a-reallocr.o)
                0x00005c58                _realloc_r
 .text          0x00005cbc       0x30 C:/msys64/mingw64/bin/../lib/gcc/arm-none-eabi/13.3.0/../../../../arm-none-eabi/lib/thumb/v7e-m+fp/hard\libc_nano.a(libc_a-wctomb_r.o)
                0x00005cbc                _wctomb_r
                0x00005cd0                __ascii_wctomb
 .text          0x00005cec       0x44 C:/msys64/mingw64/bin/../lib/gcc/arm-none-eabi/13.3.0/../../../../arm-none-eabi/lib/thumb/v7e-m+fp/hard\libc_nano.a(libc_a-fprintf.o)
                0x00005cec                _fprintf_r
                0x00005cec                _fiprintf_r
                0x00005d08                fiprintf
                0x00005d08                fprintf
 .text          0x00005d30       0x10 C:/msys64/mingw64/bin/../lib/gcc/arm-none-eabi/13.3.0/../../../../arm-none-eabi/lib/thumb/v7e-m+fp/hard\libc_nano.a(libc_a-abort.o)
                0x00005d30                abort
 .text          0x00005d40       0x10 C:/msys64/mingw64/bin/../lib/gcc/arm-none-eabi/13.3.0/../../../../arm-none-eabi/lib/thumb/v7e-m+fp/hard\libc_nano.a(libc_a-msizer.o)
                0x00005d40                _malloc_usable_size_r
 .text          0x00005d50      0x368 C:/msys64/mingw64/bin/../lib/gcc/arm-none-eabi/13.3.0/../../../../arm-none-eabi/lib/thumb/v7e-m+fp/hard\libc_nano.a(libc_a-nano-vfprintf.o)
                0x00005d8c                __sfputs_r
                0x00005dbc                __sprint_r
                0x00005ddc                _vfiprintf_r
                0x00005ddc                _vfprintf_r
                0x0000609c                vfprintf
                0x0000609c                vfiprintf
 .text          0x000060b8      0x300 C:/msys64/mingw64/bin/../lib/gcc/arm-none-eabi/13.3.0/../../../../arm-none-eabi/lib/thumb/v7e-m+fp/hard\libc_nano.a(libc_a-fvwrite.o)
                0x000060b8                __sfvwrite_r
 .text          0x000063b8       0xa0 C:/msys64/mingw64/bin/../lib/gcc/arm-none-eabi/13.3.0/../../../../arm-none-eabi/lib/thumb/v7e-m+fp/hard\libc_nano.a(libc_a-wbuf.o)
                0x000063b8                __swbuf_r
                0x00006440                __swbuf
 .text          0x00006458       0xc4 C:/msys64/mingw64/bin/../lib/gcc/arm-none-eabi/13.3.0/../../../../arm-none-eabi/lib/thumb/v7e-m+fp/hard\libc_nano.a(libc_a-wsetup.o)
                0x00006458                __swsetup_r
 .text          0x0000651c      0x260 C:/msys64/mingw64/bin/../lib/gcc/arm-none-eabi/13.3.0/../../../../arm-none-eabi/lib/thumb/v7e-m+fp/hard\libc_nano.a(libc_a-signal.o)
                0x0000651c                _init_signal_r
                0x00006548                _signal_r
                0x00006594                _raise_r
                0x000065e4                __sigtramp_r
                0x00006644                raise
                0x00006698                signal
                0x000066e4                _init_signal
                0x00006718                __sigtramp
 .text          0x0000677c       0x30 C:/msys64/mingw64/bin/../lib/gcc/arm-none-eabi/13.3.0/../../../../arm-none-eabi/lib/thumb/v7e-m+fp/hard\libc_nano.a(libc_a-signalr.o)
                0x0000677c                _kill_r
                0x000067a8                _getpid_r
 .text          0x000067ac      0x114 C:/msys64/mingw64/bin/../lib/gcc/arm-none-eabi/13.3.0/../../../../arm-none-eabi/lib/thumb/v7e-m+fp/hard\libc_nano.a(libc_a-makebuf.o)
                0x000067ac                __smakebuf_r
                0x00006870                __swhatbuf_r
 .text          0x000068c0       0x2c C:/msys64/mingw64/bin/../lib/gcc/arm-none-eabi/13.3.0/../../../../arm-none-eabi/lib/thumb/v7e-m+fp/hard\libc_nano.a(libc_a-fstatr.o)
                0x000068c0                _fstat_r
 .text          0x000068ec       0x24 C:/msys64/mingw64/bin/../lib/gcc/arm-none-eabi/13.3.0/../../../../arm-none-eabi/lib/thumb/v7e-m+fp/hard\libc_nano.a(libc_a-isattyr.o)
                0x000068ec                _isatty_r
 .text.SystemCoreClockUpdate
                0x00006910       0x8c CMakeFiles/blinky.elf.dir/7be9e89345f91d1c34828d88d787f678/NIIET/K1921VK035/Source/system_K1921VK035.c.obj
                0x00006910                SystemCoreClockUpdate
 .text.ClkInit  0x0000699c       0xb0 CMakeFiles/blinky.elf.dir/7be9e89345f91d1c34828d88d787f678/NIIET/K1921VK035/Source/system_K1921VK035.c.obj
                0x0000699c                ClkInit
 .text.FPUInit  0x00006a4c       0x18 CMakeFiles/blinky.elf.dir/7be9e89345f91d1c34828d88d787f678/NIIET/K1921VK035/Source/system_K1921VK035.c.obj
                0x00006a4c                FPUInit
 .text.SystemInit
                0x00006a64       0x14 CMakeFiles/blinky.elf.dir/7be9e89345f91d1c34828d88d787f678/NIIET/K1921VK035/Source/system_K1921VK035.c.obj
                0x00006a64                SystemInit
 .text.retarget_get_char
                0x00006a78       0x18 CMakeFiles/blinky.elf.dir/89453849d6d115cef422537725914b7b/retarget/Template/K1921VK035/retarget_conf.c.obj
                0x00006a78                retarget_get_char
 .text.retarget_put_char
                0x00006a90       0x18 CMakeFiles/blinky.elf.dir/89453849d6d115cef422537725914b7b/retarget/Template/K1921VK035/retarget_conf.c.obj
                0x00006a90                retarget_put_char
 .text.Led_Pin_Init
                0x00006aa8       0x3c CMakeFiles/blinky.elf.dir/665cb2cdd5c880f78f367d28651725ea/projects/NIIET-BB-K1921VK035/blinky/app/main.c.obj
 .text.Button_Init
                0x00006ae4       0x5c CMakeFiles/blinky.elf.dir/665cb2cdd5c880f78f367d28651725ea/projects/NIIET-BB-K1921VK035/blinky/app/main.c.obj
 .text.Timer_Init
                0x00006b40       0x48 CMakeFiles/blinky.elf.dir/665cb2cdd5c880f78f367d28651725ea/projects/NIIET-BB-K1921VK035/blinky/app/main.c.obj
 .text.GPIO_Init
                0x00006b88       0x78 CMakeFiles/blinky.elf.dir/665cb2cdd5c880f78f367d28651725ea/projects/NIIET-BB-K1921VK035/blinky/app/main.c.obj
 .text.Led_Pin_Toggle
                0x00006c00       0x10 CMakeFiles/blinky.elf.dir/665cb2cdd5c880f78f367d28651725ea/projects/NIIET-BB-K1921VK035/blinky/app/main.c.obj
                0x00006c00                Led_Pin_Toggle
 .text.Led_Pin_ON
                0x00006c10       0x14 CMakeFiles/blinky.elf.dir/665cb2cdd5c880f78f367d28651725ea/projects/NIIET-BB-K1921VK035/blinky/app/main.c.obj
                0x00006c10                Led_Pin_ON
 .text.Led_Pin_OFF
                0x00006c24       0x14 CMakeFiles/blinky.elf.dir/665cb2cdd5c880f78f367d28651725ea/projects/NIIET-BB-K1921VK035/blinky/app/main.c.obj
                0x00006c24                Led_Pin_OFF
 .text.GPIOA_IRQHandler
                0x00006c38       0x38 CMakeFiles/blinky.elf.dir/665cb2cdd5c880f78f367d28651725ea/projects/NIIET-BB-K1921VK035/blinky/app/main.c.obj
                0x00006c38                GPIOA_IRQHandler
 .text.DS18B20_CRC8
                0x00006c70       0x32 CMakeFiles/blinky.elf.dir/665cb2cdd5c880f78f367d28651725ea/projects/NIIET-BB-K1921VK035/blinky/app/main.c.obj
                0x00006c70                DS18B20_CRC8
 *fill*         0x00006ca2        0x2 
 .text.UART0_RX_IRQHandler
                0x00006ca4       0x24 CMakeFiles/blinky.elf.dir/665cb2cdd5c880f78f367d28651725ea/projects/NIIET-BB-K1921VK035/blinky/app/main.c.obj
                0x00006ca4                UART0_RX_IRQHandler
 .text.TMR0_IRQHandler
                0x00006cc8       0x20 CMakeFiles/blinky.elf.dir/665cb2cdd5c880f78f367d28651725ea/projects/NIIET-BB-K1921VK035/blinky/app/main.c.obj
                0x00006cc8                TMR0_IRQHandler
 .text.Timer_Delay_Ticks
                0x00006ce8       0x28 CMakeFiles/blinky.elf.dir/665cb2cdd5c880f78f367d28651725ea/projects/NIIET-BB-K1921VK035/blinky/app/main.c.obj
                0x00006ce8                Timer_Delay_Ticks
 .text.DS18B20_WriteBit
                0x00006d10       0x34 CMakeFiles/blinky.elf.dir/665cb2cdd5c880f78f367d28651725ea/projects/NIIET-BB-K1921VK035/blinky/app/main.c.obj
                0x00006d10                DS18B20_WriteBit
 .text.DS18B20_WriteByte
                0x00006d44       0x20 CMakeFiles/blinky.elf.dir/665cb2cdd5c880f78f367d28651725ea/projects/NIIET-BB-K1921VK035/blinky/app/main.c.obj
                0x00006d44                DS18B20_WriteByte
 .text.DS18B20_ReadBit
                0x00006d64       0x44 CMakeFiles/blinky.elf.dir/665cb2cdd5c880f78f367d28651725ea/projects/NIIET-BB-K1921VK035/blinky/app/main.c.obj
                0x00006d64                DS18B20_ReadBit
 .text.DS18B20_ReadByte
                0x00006da8       0x34 CMakeFiles/blinky.elf.dir/665cb2cdd5c880f78f367d28651725ea/projects/NIIET-BB-K1921VK035/blinky/app/main.c.obj
                0x00006da8                DS18B20_ReadByte
 .text.UART1_RX_IRQHandler
                0x00006ddc       0x68 CMakeFiles/blinky.elf.dir/665cb2cdd5c880f78f367d28651725ea/projects/NIIET-BB-K1921VK035/blinky/app/main.c.obj
                0x00006ddc                UART1_RX_IRQHandler
 .text.Error_Handler
                0x00006e44       0x1c CMakeFiles/blinky.elf.dir/665cb2cdd5c880f78f367d28651725ea/projects/NIIET-BB-K1921VK035/blinky/app/main.c.obj
                0x00006e44                Error_Handler
 .text.USB_UART_SendByte
                0x00006e60       0x34 CMakeFiles/blinky.elf.dir/665cb2cdd5c880f78f367d28651725ea/projects/NIIET-BB-K1921VK035/blinky/app/main.c.obj
                0x00006e60                USB_UART_SendByte
 .text.USB_UART_SendMessage
                0x00006e94       0x2c CMakeFiles/blinky.elf.dir/665cb2cdd5c880f78f367d28651725ea/projects/NIIET-BB-K1921VK035/blinky/app/main.c.obj
                0x00006e94                USB_UART_SendMessage
 .text.DS18B20_Reset
                0x00006ec0       0xb4 CMakeFiles/blinky.elf.dir/665cb2cdd5c880f78f367d28651725ea/projects/NIIET-BB-K1921VK035/blinky/app/main.c.obj
                0x00006ec0                DS18B20_Reset
 .text.DS18B20_ReadROM
                0x00006f74       0x2c CMakeFiles/blinky.elf.dir/665cb2cdd5c880f78f367d28651725ea/projects/NIIET-BB-K1921VK035/blinky/app/main.c.obj
                0x00006f74                DS18B20_ReadROM
 .text.User_UartInit
                0x00006fa0       0xa8 CMakeFiles/blinky.elf.dir/665cb2cdd5c880f78f367d28651725ea/projects/NIIET-BB-K1921VK035/blinky/app/main.c.obj
                0x00006fa0                User_UartInit
 .text.USB_UART_Init
                0x00007048       0x7c CMakeFiles/blinky.elf.dir/665cb2cdd5c880f78f367d28651725ea/projects/NIIET-BB-K1921VK035/blinky/app/main.c.obj
 .text.HandleEventDS18B20
                0x000070c4       0xa4 CMakeFiles/blinky.elf.dir/665cb2cdd5c880f78f367d28651725ea/projects/NIIET-BB-K1921VK035/blinky/app/main.c.obj
                0x000070c4                HandleEventDS18B20
 .text.main     0x00007168      0x164 CMakeFiles/blinky.elf.dir/665cb2cdd5c880f78f367d28651725ea/projects/NIIET-BB-K1921VK035/blinky/app/main.c.obj
                0x00007168                main
 .text          0x000072cc       0x54 CMakeFiles/blinky.elf.dir/7be9e89345f91d1c34828d88d787f678/NIIET/K1921VK035/Source/GCC/startup_K1921VK035.S.obj
                0x000072cc                Reset_Handler
                0x0000731c                DebugMon_Handler
                0x0000731c                CAN5_IRQHandler
                0x0000731c                HardFault_Handler
                0x0000731c                GPIOB_IRQHandler
                0x0000731c                QEP_IRQHandler
                0x0000731c                SysTick_Handler
                0x0000731c                PWM1_IRQHandler
                0x0000731c                PWM2_HD_IRQHandler
                0x0000731c                PendSV_Handler
                0x0000731c                NMI_Handler
                0x0000731c                ADC_SEQ1_IRQHandler
                0x0000731c                CAN12_IRQHandler
                0x0000731c                CAN1_IRQHandler
                0x0000731c                DMA_CH9_IRQHandler
                0x0000731c                DMA_CH12_IRQHandler
                0x0000731c                ADC_SEQ0_IRQHandler
                0x0000731c                UART0_TD_IRQHandler
                0x0000731c                DMA_CH4_IRQHandler
                0x0000731c                DMA_CH10_IRQHandler
                0x0000731c                ECAP2_IRQHandler
                0x0000731c                FPU_IRQHandler
                0x0000731c                DMA_CH2_IRQHandler
                0x0000731c                CAN3_IRQHandler
                0x0000731c                UsageFault_Handler
                0x0000731c                MFLASH_IRQHandler
                0x0000731c                DMA_CH1_IRQHandler
                0x0000731c                CAN11_IRQHandler
                0x0000731c                UART1_TD_IRQHandler
                0x0000731c                UART0_TX_IRQHandler
                0x0000731c                UART1_TX_IRQHandler
                0x0000731c                UART0_E_RT_IRQHandler
                0x0000731c                DMA_CH11_IRQHandler
                0x0000731c                PWM2_IRQHandler
                0x0000731c                Default_Handler
                0x0000731c                DMA_CH15_IRQHandler
                0x0000731c                SPI_RX_IRQHandler
                0x0000731c                DMA_CH14_IRQHandler
                0x0000731c                PWM0_HD_IRQHandler
                0x0000731c                TMR2_IRQHandler
                0x0000731c                CAN13_IRQHandler
                0x0000731c                ECAP0_IRQHandler
                0x0000731c                PWM1_TZ_IRQHandler
                0x0000731c                SPI_RO_RT_IRQHandler
                0x0000731c                DMA_CH7_IRQHandler
                0x0000731c                UART1_E_RT_IRQHandler
                0x0000731c                CAN14_IRQHandler
                0x0000731c                I2C_IRQHandler
                0x0000731c                MemManage_Handler
                0x0000731c                CAN6_IRQHandler
                0x0000731c                WDT_IRQHandler
                0x0000731c                SVC_Handler
                0x0000731c                DMA_CH13_IRQHandler
                0x0000731c                CAN8_IRQHandler
                0x0000731c                SPI_TX_IRQHandler
                0x0000731c                DMA_CH8_IRQHandler
                0x0000731c                PWM1_HD_IRQHandler
                0x0000731c                ADC_DC_IRQHandler
                0x0000731c                PWM0_IRQHandler
                0x0000731c                CAN10_IRQHandler
                0x0000731c                CAN0_IRQHandler
                0x0000731c                CAN15_IRQHandler
                0x0000731c                TMR3_IRQHandler
                0x0000731c                RCU_IRQHandler
                0x0000731c                PWM2_TZ_IRQHandler
                0x0000731c                CAN9_IRQHandler
                0x0000731c                PWM0_TZ_IRQHandler
                0x0000731c                DMA_CH6_IRQHandler
                0x0000731c                DMA_CH3_IRQHandler
                0x0000731c                ECAP1_IRQHandler
                0x0000731c                CAN2_IRQHandler
                0x0000731c                CAN7_IRQHandler
                0x0000731c                CAN4_IRQHandler
                0x0000731c                BusFault_Handler
                0x0000731c                DMA_CH0_IRQHandler
                0x0000731c                TMR1_IRQHandler
                0x0000731c                DMA_CH5_IRQHandler
 .text._write   0x00007320       0x30 CMakeFiles/blinky.elf.dir/665cb2cdd5c880f78f367d28651725ea/platform/retarget/retarget.c.obj
                0x00007320                _write
 .text._read    0x00007350       0x2c CMakeFiles/blinky.elf.dir/665cb2cdd5c880f78f367d28651725ea/platform/retarget/retarget.c.obj
                0x00007350                _read
 .text          0x0000737c      0x378 C:/msys64/mingw64/bin/../lib/gcc/arm-none-eabi/13.3.0/thumb/v7e-m+fp/hard\libgcc.a(_arm_addsubdf3.o)
                0x0000737c                __aeabi_drsub
                0x00007384                __aeabi_dsub
                0x00007384                __subdf3
                0x00007388                __aeabi_dadd
                0x00007388                __adddf3
                0x00007600                __floatunsidf
                0x00007600                __aeabi_ui2d
                0x00007620                __floatsidf
                0x00007620                __aeabi_i2d
                0x00007644                __aeabi_f2d
                0x00007644                __extendsfdf2
                0x00007688                __floatundidf
                0x00007688                __aeabi_ul2d
                0x00007698                __floatdidf
                0x00007698                __aeabi_l2d
 .text          0x000076f4      0x424 C:/msys64/mingw64/bin/../lib/gcc/arm-none-eabi/13.3.0/thumb/v7e-m+fp/hard\libgcc.a(_arm_muldivdf3.o)
                0x000076f4                __aeabi_dmul
                0x000076f4                __muldf3
                0x00007948                __divdf3
                0x00007948                __aeabi_ddiv
 .text          0x00007b18      0x110 C:/msys64/mingw64/bin/../lib/gcc/arm-none-eabi/13.3.0/thumb/v7e-m+fp/hard\libgcc.a(_arm_cmpdf2.o)
                0x00007b18                __gtdf2
                0x00007b18                __gedf2
                0x00007b20                __ltdf2
                0x00007b20                __ledf2
                0x00007b28                __nedf2
                0x00007b28                __eqdf2
                0x00007b28                __cmpdf2
                0x00007ba4                __aeabi_cdrcmple
                0x00007bb4                __aeabi_cdcmpeq
                0x00007bb4                __aeabi_cdcmple
                0x00007bc4                __aeabi_dcmpeq
                0x00007bd8                __aeabi_dcmplt
                0x00007bec                __aeabi_dcmple
                0x00007c00                __aeabi_dcmpge
                0x00007c14                __aeabi_dcmpgt
 .text          0x00007c28       0x2c C:/msys64/mingw64/bin/../lib/gcc/arm-none-eabi/13.3.0/thumb/v7e-m+fp/hard\libgcc.a(_arm_unorddf2.o)
                0x00007c28                __unorddf2
                0x00007c28                __aeabi_dcmpun
 .text          0x00007c54       0x50 C:/msys64/mingw64/bin/../lib/gcc/arm-none-eabi/13.3.0/thumb/v7e-m+fp/hard\libgcc.a(_arm_fixdfsi.o)
                0x00007c54                __aeabi_d2iz
                0x00007c54                __fixdfsi
 .text          0x00007ca4       0x40 C:/msys64/mingw64/bin/../lib/gcc/arm-none-eabi/13.3.0/thumb/v7e-m+fp/hard\libgcc.a(_arm_fixunsdfsi.o)
                0x00007ca4                __aeabi_d2uiz
                0x00007ca4                __fixunsdfsi
 .text          0x00007ce4       0xa0 C:/msys64/mingw64/bin/../lib/gcc/arm-none-eabi/13.3.0/thumb/v7e-m+fp/hard\libgcc.a(_arm_truncdfsf2.o)
                0x00007ce4                __truncdfsf2
                0x00007ce4                __aeabi_d2f
 .text.__fixdfdi
                0x00007d84       0x2e C:/msys64/mingw64/bin/../lib/gcc/arm-none-eabi/13.3.0/thumb/v7e-m+fp/hard\libgcc.a(_fixdfdi.o)
                0x00007d84                __fixdfdi
                0x00007d84                __aeabi_d2lz
 *fill*         0x00007db2        0x2 
 .text.__fixunsdfdi
                0x00007db4       0x3c C:/msys64/mingw64/bin/../lib/gcc/arm-none-eabi/13.3.0/thumb/v7e-m+fp/hard\libgcc.a(_fixunsdfdi.o)
                0x00007db4                __fixunsdfdi
                0x00007db4                __aeabi_d2ulz
 .text          0x00007df0      0x114 C:/msys64/mingw64/bin/../lib/gcc/arm-none-eabi/13.3.0/../../../../arm-none-eabi/lib/thumb/v7e-m+fp/hard\libg_nano.a(libc_a-snprintf.o)
                0x00007df0                _sniprintf_r
                0x00007df0                _snprintf_r
                0x00007e74                sniprintf
                0x00007e74                snprintf
 .text          0x00007f04       0x10 C:/msys64/mingw64/bin/../lib/gcc/arm-none-eabi/13.3.0/../../../../arm-none-eabi/lib/thumb/v7e-m+fp/hard\libnosys.a(close.o)
                0x00007f04                _close
 .text          0x00007f14       0x10 C:/msys64/mingw64/bin/../lib/gcc/arm-none-eabi/13.3.0/../../../../arm-none-eabi/lib/thumb/v7e-m+fp/hard\libnosys.a(fstat.o)
                0x00007f14                _fstat
 .text          0x00007f24       0x10 C:/msys64/mingw64/bin/../lib/gcc/arm-none-eabi/13.3.0/../../../../arm-none-eabi/lib/thumb/v7e-m+fp/hard\libnosys.a(getpid.o)
                0x00007f24                _getpid
 .text          0x00007f34       0x10 C:/msys64/mingw64/bin/../lib/gcc/arm-none-eabi/13.3.0/../../../../arm-none-eabi/lib/thumb/v7e-m+fp/hard\libnosys.a(isatty.o)
                0x00007f34                _isatty
 .text          0x00007f44       0x10 C:/msys64/mingw64/bin/../lib/gcc/arm-none-eabi/13.3.0/../../../../arm-none-eabi/lib/thumb/v7e-m+fp/hard\libnosys.a(kill.o)
                0x00007f44                _kill
 .text          0x00007f54       0x10 C:/msys64/mingw64/bin/../lib/gcc/arm-none-eabi/13.3.0/../../../../arm-none-eabi/lib/thumb/v7e-m+fp/hard\libnosys.a(lseek.o)
                0x00007f54                _lseek
 .text          0x00007f64       0x1c C:/msys64/mingw64/bin/../lib/gcc/arm-none-eabi/13.3.0/../../../../arm-none-eabi/lib/thumb/v7e-m+fp/hard\libnosys.a(sbrk.o)
                0x00007f64                _sbrk
 .text          0x00007f80        0x4 C:/msys64/mingw64/bin/../lib/gcc/arm-none-eabi/13.3.0/../../../../arm-none-eabi/lib/thumb/v7e-m+fp/hard\libnosys.a(_exit.o)
                0x00007f80                _exit
 *(.init)
 .init          0x00007f84        0x4 C:/msys64/mingw64/bin/../lib/gcc/arm-none-eabi/13.3.0/thumb/v7e-m+fp/hard/crti.o
                0x00007f84                _init
 .init          0x00007f88        0x8 C:/msys64/mingw64/bin/../lib/gcc/arm-none-eabi/13.3.0/thumb/v7e-m+fp/hard/crtn.o
 *(.fini)
 .fini          0x00007f90        0x4 C:/msys64/mingw64/bin/../lib/gcc/arm-none-eabi/13.3.0/thumb/v7e-m+fp/hard/crti.o
                0x00007f90                _fini
 .fini          0x00007f94        0x8 C:/msys64/mingw64/bin/../lib/gcc/arm-none-eabi/13.3.0/thumb/v7e-m+fp/hard/crtn.o
 *crtbegin.o(.ctors)
 *crtbegin?.o(.ctors)
 *(EXCLUDE_FILE(*crtend.o *crtend?.o) .ctors)
 *(SORT_BY_NAME(.ctors.*))
 *(.ctors)
 *crtbegin.o(.dtors)
 *crtbegin?.o(.dtors)
 *(EXCLUDE_FILE(*crtend.o *crtend?.o) .dtors)
 *(SORT_BY_NAME(.dtors.*))
 *(.dtors)
 *(.rodata*)
 .rodata.str1.4
                0x00007f9c      0x262 C:/msys64/mingw64/bin/../lib/gcc/arm-none-eabi/13.3.0/../../../../arm-none-eabi/lib/thumb/v7e-m+fp/hard\libc_nano.a(libc_a-nano-vfprintf_float.o)
                                 0x12 (size before relaxing)
 .rodata.str1.4
                0x000081fe        0x0 C:/msys64/mingw64/bin/../lib/gcc/arm-none-eabi/13.3.0/../../../../arm-none-eabi/lib/thumb/v7e-m+fp/hard\libc_nano.a(libc_a-nano-vfprintf_i.o)
                                 0x25 (size before relaxing)
 .rodata.str1.4
                0x000081fe        0x0 C:/msys64/mingw64/bin/../lib/gcc/arm-none-eabi/13.3.0/../../../../arm-none-eabi/lib/thumb/v7e-m+fp/hard\libc_nano.a(libc_a-nano-vfscanf_float.o)
                                  0x9 (size before relaxing)
 .rodata.str1.4
                0x000081fe        0x0 C:/msys64/mingw64/bin/../lib/gcc/arm-none-eabi/13.3.0/../../../../arm-none-eabi/lib/thumb/v7e-m+fp/hard\libc_nano.a(libc_a-dtoa.o)
                                 0x79 (size before relaxing)
 .rodata.str1.4
                0x000081fe        0x0 C:/msys64/mingw64/bin/../lib/gcc/arm-none-eabi/13.3.0/../../../../arm-none-eabi/lib/thumb/v7e-m+fp/hard\libc_nano.a(libc_a-mprec.o)
                                 0x65 (size before relaxing)
 *fill*         0x000081fe        0x2 
 .rodata        0x00008200      0x128 C:/msys64/mingw64/bin/../lib/gcc/arm-none-eabi/13.3.0/../../../../arm-none-eabi/lib/thumb/v7e-m+fp/hard\libc_nano.a(libc_a-mprec.o)
                0x00008210                __mprec_tens
                0x000082d8                __mprec_tinytens
                0x00008300                __mprec_bigtens
 .rodata.str1.4
                0x00008328        0x0 C:/msys64/mingw64/bin/../lib/gcc/arm-none-eabi/13.3.0/../../../../arm-none-eabi/lib/thumb/v7e-m+fp/hard\libc_nano.a(libc_a-strtod.o)
                                 0x15 (size before relaxing)
 .rodata        0x00008328       0x50 C:/msys64/mingw64/bin/../lib/gcc/arm-none-eabi/13.3.0/../../../../arm-none-eabi/lib/thumb/v7e-m+fp/hard\libc_nano.a(libc_a-strtod.o)
 .rodata        0x00008378      0x101 C:/msys64/mingw64/bin/../lib/gcc/arm-none-eabi/13.3.0/../../../../arm-none-eabi/lib/thumb/v7e-m+fp/hard\libc_nano.a(libc_a-ctype_.o)
                0x00008378                _ctype_
 .rodata.str1.4
                0x00008479        0x0 C:/msys64/mingw64/bin/../lib/gcc/arm-none-eabi/13.3.0/../../../../arm-none-eabi/lib/thumb/v7e-m+fp/hard\libc_nano.a(libc_a-nano-svfprintf.o)
                                 0x13 (size before relaxing)
 .rodata.str1.4
                0x00008479        0x0 C:/msys64/mingw64/bin/../lib/gcc/arm-none-eabi/13.3.0/../../../../arm-none-eabi/lib/thumb/v7e-m+fp/hard\libc_nano.a(libc_a-locale.o)
                                 0x12 (size before relaxing)
 .rodata.str1.4
                0x00008479        0x0 C:/msys64/mingw64/bin/../lib/gcc/arm-none-eabi/13.3.0/../../../../arm-none-eabi/lib/thumb/v7e-m+fp/hard\libc_nano.a(libc_a-assert.o)
                                 0x43 (size before relaxing)
 .rodata.str1.4
                0x00008479        0x0 C:/msys64/mingw64/bin/../lib/gcc/arm-none-eabi/13.3.0/../../../../arm-none-eabi/lib/thumb/v7e-m+fp/hard\libc_nano.a(libc_a-gdtoa-gethex.o)
                                 0x5b (size before relaxing)
 *fill*         0x00008479        0x3 
 .rodata        0x0000847c      0x100 C:/msys64/mingw64/bin/../lib/gcc/arm-none-eabi/13.3.0/../../../../arm-none-eabi/lib/thumb/v7e-m+fp/hard\libc_nano.a(libc_a-gdtoa-gethex.o)
                0x0000847c                __hexdig
 .rodata.str1.4
                0x0000857c        0x0 C:/msys64/mingw64/bin/../lib/gcc/arm-none-eabi/13.3.0/../../../../arm-none-eabi/lib/thumb/v7e-m+fp/hard\libc_nano.a(libc_a-nano-vfprintf.o)
                                 0x13 (size before relaxing)
 .rodata.DS18B20_Reset.str1.4
                0x0000857c        0x0 CMakeFiles/blinky.elf.dir/665cb2cdd5c880f78f367d28651725ea/projects/NIIET-BB-K1921VK035/blinky/app/main.c.obj
                                 0x16 (size before relaxing)
 .rodata.USB_UART_Init.str1.4
                0x0000857c        0x0 CMakeFiles/blinky.elf.dir/665cb2cdd5c880f78f367d28651725ea/projects/NIIET-BB-K1921VK035/blinky/app/main.c.obj
                                 0x2a (size before relaxing)
 .rodata.main.str1.4
                0x0000857c        0x0 CMakeFiles/blinky.elf.dir/665cb2cdd5c880f78f367d28651725ea/projects/NIIET-BB-K1921VK035/blinky/app/main.c.obj
                                 0x6e (size before relaxing)
 .rodata        0x0000857c        0x3 CMakeFiles/blinky.elf.dir/665cb2cdd5c880f78f367d28651725ea/projects/NIIET-BB-K1921VK035/blinky/app/main.c.obj
 *(.eh_frame*)
 *fill*         0x0000857f        0x1 
 .eh_frame      0x00008580        0x0 C:/msys64/mingw64/bin/../lib/gcc/arm-none-eabi/13.3.0/thumb/v7e-m+fp/hard/crtbegin.o
 .eh_frame      0x00008580        0x4 C:/msys64/mingw64/bin/../lib/gcc/arm-none-eabi/13.3.0/thumb/v7e-m+fp/hard/crtend.o

.glue_7         0x00008584        0x0
 .glue_7        0x00008584        0x0 linker stubs

.glue_7t        0x00008584        0x0
 .glue_7t       0x00008584        0x0 linker stubs

.vfp11_veneer   0x00008584        0x0
 .vfp11_veneer  0x00008584        0x0 linker stubs

.v4_bx          0x00008584        0x0
 .v4_bx         0x00008584        0x0 linker stubs

.iplt           0x00008584        0x0
 .iplt          0x00008584        0x0 C:/msys64/mingw64/bin/../lib/gcc/arm-none-eabi/13.3.0/thumb/v7e-m+fp/hard/crtbegin.o

.ARM.extab
 *(.ARM.extab* .gnu.linkonce.armextab.*)
                0x00008584                        __exidx_start = .

.ARM.exidx      0x00008584        0x8
 *(.ARM.exidx* .gnu.linkonce.armexidx.*)
 .ARM.exidx     0x00008584        0x8 C:/msys64/mingw64/bin/../lib/gcc/arm-none-eabi/13.3.0/../../../../arm-none-eabi/lib/thumb/v7e-m+fp/hard/crt0.o
                                 0x10 (size before relaxing)
 .ARM.exidx     0x0000858c        0x0 C:/msys64/mingw64/bin/../lib/gcc/arm-none-eabi/13.3.0/../../../../arm-none-eabi/lib/thumb/v7e-m+fp/hard\libc_nano.a(libc_a-memchr.o)
                                  0x8 (size before relaxing)
 .ARM.exidx     0x0000858c        0x0 C:/msys64/mingw64/bin/../lib/gcc/arm-none-eabi/13.3.0/../../../../arm-none-eabi/lib/thumb/v7e-m+fp/hard\libc_nano.a(libc_a-strlen.o)
                                  0x8 (size before relaxing)
 .ARM.exidx     0x0000858c        0x0 C:/msys64/mingw64/bin/../lib/gcc/arm-none-eabi/13.3.0/../../../../arm-none-eabi/lib/thumb/v7e-m+fp/hard\libc_nano.a(libc_a-memcpy.o)
                                  0x8 (size before relaxing)
                0x0000858c                        __exidx_end = .

.rel.dyn        0x0000858c        0x0
 .rel.iplt      0x0000858c        0x0 C:/msys64/mingw64/bin/../lib/gcc/arm-none-eabi/13.3.0/thumb/v7e-m+fp/hard/crtbegin.o

.copy.table     0x0000858c        0xc
                0x0000858c                        . = ALIGN (0x4)
                0x000085a0                        __textdata_start__ = LOADADDR (.data)
                0x0000858c                        __copy_table_start__ = .
                0x0000858c        0x4 LONG 0x85a0 __textdata_start__
                0x00008590        0x4 LONG 0x20000000 __data_start__
                0x00008594        0x4 LONG 0x1d4 (__data_end__ - __data_start__)
                0x00008598                        __copy_table_end__ = .

.zero.table     0x00008598        0x8
                0x00008598                        . = ALIGN (0x4)
                0x00008598                        __zero_table_start__ = .
                0x00008598        0x4 LONG 0x200001d4 __bss_start__
                0x0000859c        0x4 LONG 0x34c (__bss_end__ - __bss_start__)
                0x000085a0                        __zero_table_end__ = .

.data           0x20000000      0x1d4 load address 0x000085a0
                0x20000000                        __data_start__ = .
 *(vtable)
 *(.data*)
 .data          0x20000000        0xc C:/msys64/mingw64/bin/../lib/gcc/arm-none-eabi/13.3.0/../../../../arm-none-eabi/lib/thumb/v7e-m+fp/hard\libc_nano.a(libc_a-findfp.o)
                0x20000000                __sglue
 .data          0x2000000c       0x50 C:/msys64/mingw64/bin/../lib/gcc/arm-none-eabi/13.3.0/../../../../arm-none-eabi/lib/thumb/v7e-m+fp/hard\libc_nano.a(libc_a-impure.o)
                0x2000000c                _impure_ptr
                0x20000010                _impure_data
 .data          0x2000005c        0x4 C:/msys64/mingw64/bin/../lib/gcc/arm-none-eabi/13.3.0/../../../../arm-none-eabi/lib/thumb/v7e-m+fp/hard\libc_nano.a(libc_a-__call_atexit.o)
                0x2000005c                __atexit_recursive_mutex
 .data          0x20000060      0x16c C:/msys64/mingw64/bin/../lib/gcc/arm-none-eabi/13.3.0/../../../../arm-none-eabi/lib/thumb/v7e-m+fp/hard\libc_nano.a(libc_a-locale.o)
                0x20000060                __global_locale
 *(.ramfunc*)
                0x200001cc                        . = ALIGN (0x4)
                0x200001cc                        PROVIDE (__preinit_array_start = .)
 *(.preinit_array)
                0x200001cc                        PROVIDE (__preinit_array_end = .)
                0x200001cc                        . = ALIGN (0x4)
                0x200001cc                        PROVIDE (__init_array_start = .)
 *(SORT_BY_NAME(.init_array.*))
 *(.init_array)
 .init_array    0x200001cc        0x4 C:/msys64/mingw64/bin/../lib/gcc/arm-none-eabi/13.3.0/thumb/v7e-m+fp/hard/crtbegin.o
                0x200001d0                        PROVIDE (__init_array_end = .)
                0x200001d0                        . = ALIGN (0x4)
                0x200001d0                        PROVIDE (__fini_array_start = .)
 *(SORT_BY_NAME(.fini_array.*))
 *(.fini_array)
 .fini_array    0x200001d0        0x4 C:/msys64/mingw64/bin/../lib/gcc/arm-none-eabi/13.3.0/thumb/v7e-m+fp/hard/crtbegin.o
                0x200001d4                        PROVIDE (__fini_array_end = .)
 *(.jcr*)
                0x200001d4                        . = ALIGN (0x4)
                0x200001d4                        __data_end__ = .

.igot.plt       0x200001d4        0x0 load address 0x00008774
 .igot.plt      0x200001d4        0x0 C:/msys64/mingw64/bin/../lib/gcc/arm-none-eabi/13.3.0/thumb/v7e-m+fp/hard/crtbegin.o

.bss            0x200001d4      0x34c load address 0x00008774
                0x200001d4                        . = ALIGN (0x4)
                0x200001d4                        __bss_start__ = .
 *(.bss*)
 .bss.completed.1
                0x200001d4        0x1 C:/msys64/mingw64/bin/../lib/gcc/arm-none-eabi/13.3.0/thumb/v7e-m+fp/hard/crtbegin.o
 *fill*         0x200001d5        0x3 
 .bss.object.0  0x200001d8       0x18 C:/msys64/mingw64/bin/../lib/gcc/arm-none-eabi/13.3.0/thumb/v7e-m+fp/hard/crtbegin.o
 .bss           0x200001f0      0x13c C:/msys64/mingw64/bin/../lib/gcc/arm-none-eabi/13.3.0/../../../../arm-none-eabi/lib/thumb/v7e-m+fp/hard\libc_nano.a(libc_a-findfp.o)
                0x200001f0                __sf
                0x20000328                __stdio_exit_handler
 .bss           0x2000032c        0x4 C:/msys64/mingw64/bin/../lib/gcc/arm-none-eabi/13.3.0/../../../../arm-none-eabi/lib/thumb/v7e-m+fp/hard\libc_nano.a(libc_a-reent.o)
                0x2000032c                errno
 .bss           0x20000330       0x1d C:/msys64/mingw64/bin/../lib/gcc/arm-none-eabi/13.3.0/../../../../arm-none-eabi/lib/thumb/v7e-m+fp/hard\libc_nano.a(libc_a-lock.o)
                0x20000330                __lock___arc4random_mutex
                0x20000334                __lock___dd_hash_mutex
                0x20000338                __lock___tz_mutex
                0x2000033c                __lock___env_recursive_mutex
                0x20000340                __lock___malloc_recursive_mutex
                0x20000344                __lock___at_quick_exit_mutex
                0x20000348                __lock___atexit_recursive_mutex
                0x2000034c                __lock___sfp_recursive_mutex
 *fill*         0x2000034d        0x3 
 .bss           0x20000350       0x8c C:/msys64/mingw64/bin/../lib/gcc/arm-none-eabi/13.3.0/../../../../arm-none-eabi/lib/thumb/v7e-m+fp/hard\libc_nano.a(libc_a-__atexit.o)
                0x20000350                __atexit0
 .bss           0x200003dc        0x4 C:/msys64/mingw64/bin/../lib/gcc/arm-none-eabi/13.3.0/../../../../arm-none-eabi/lib/thumb/v7e-m+fp/hard\libc_nano.a(libc_a-__call_atexit.o)
                0x200003dc                __atexit
 .bss           0x200003e0        0x8 C:/msys64/mingw64/bin/../lib/gcc/arm-none-eabi/13.3.0/../../../../arm-none-eabi/lib/thumb/v7e-m+fp/hard\libc_nano.a(libc_a-mallocr.o)
                0x200003e0                __malloc_sbrk_start
                0x200003e4                __malloc_free_list
 .bss.SystemCoreClock
                0x200003e8        0x4 CMakeFiles/blinky.elf.dir/7be9e89345f91d1c34828d88d787f678/NIIET/K1921VK035/Source/system_K1921VK035.c.obj
                0x200003e8                SystemCoreClock
 .bss.scratchpad
                0x200003ec        0x9 CMakeFiles/blinky.elf.dir/665cb2cdd5c880f78f367d28651725ea/projects/NIIET-BB-K1921VK035/blinky/app/main.c.obj
                0x200003ec                scratchpad
 *fill*         0x200003f5        0x3 
 .bss.huart1    0x200003f8       0x18 CMakeFiles/blinky.elf.dir/665cb2cdd5c880f78f367d28651725ea/projects/NIIET-BB-K1921VK035/blinky/app/main.c.obj
                0x200003f8                huart1
 .bss.status    0x20000410        0x4 CMakeFiles/blinky.elf.dir/665cb2cdd5c880f78f367d28651725ea/projects/NIIET-BB-K1921VK035/blinky/app/main.c.obj
                0x20000410                status
 .bss.packet_received
                0x20000414        0x1 CMakeFiles/blinky.elf.dir/665cb2cdd5c880f78f367d28651725ea/projects/NIIET-BB-K1921VK035/blinky/app/main.c.obj
                0x20000414                packet_received
 *fill*         0x20000415        0x1 
 .bss.packet_index
                0x20000416        0x2 CMakeFiles/blinky.elf.dir/665cb2cdd5c880f78f367d28651725ea/projects/NIIET-BB-K1921VK035/blinky/app/main.c.obj
                0x20000416                packet_index
 .bss.packet_buffer
                0x20000418      0x100 CMakeFiles/blinky.elf.dir/665cb2cdd5c880f78f367d28651725ea/projects/NIIET-BB-K1921VK035/blinky/app/main.c.obj
                0x20000418                packet_buffer
 .bss.timerDone
                0x20000518        0x1 CMakeFiles/blinky.elf.dir/665cb2cdd5c880f78f367d28651725ea/projects/NIIET-BB-K1921VK035/blinky/app/main.c.obj
                0x20000518                timerDone
 *fill*         0x20000519        0x3 
 .bss           0x2000051c        0x4 C:/msys64/mingw64/bin/../lib/gcc/arm-none-eabi/13.3.0/../../../../arm-none-eabi/lib/thumb/v7e-m+fp/hard\libnosys.a(sbrk.o)
 *(COMMON)
                0x20000520                        . = ALIGN (0x4)
                0x20000520                        __bss_end__ = .

.heap           0x20000520        0x0 load address 0x00008774
                0x20000520                        __end__ = .
                0x20000520                        PROVIDE (end = .)
 *(.heap*)
 .heap          0x20000520        0x0 CMakeFiles/blinky.elf.dir/7be9e89345f91d1c34828d88d787f678/NIIET/K1921VK035/Source/GCC/startup_K1921VK035.S.obj
                0x20000520                        __HeapLimit = .

.stack_dummy    0x20000520      0xc00 load address 0x00008774
 *(.stack*)
 .stack         0x20000520      0xc00 CMakeFiles/blinky.elf.dir/7be9e89345f91d1c34828d88d787f678/NIIET/K1921VK035/Source/GCC/startup_K1921VK035.S.obj
                0x20004000                        __StackTop = (ORIGIN (STACK_RAM) + LENGTH (STACK_RAM))
                0x20003400                        __StackLimit = (__StackTop - SIZEOF (.stack_dummy))
                0x20004000                        PROVIDE (__stack = __StackTop)
                0x00000001                        ASSERT ((__StackLimit >= __HeapLimit), region STACK_RAM overflowed with stack)
OUTPUT(blinky.elf elf32-littlearm)
LOAD linker stubs

.ARM.attributes
                0x00000000       0x30
 .ARM.attributes
                0x00000000       0x22 C:/msys64/mingw64/bin/../lib/gcc/arm-none-eabi/13.3.0/thumb/v7e-m+fp/hard/crti.o
 .ARM.attributes
                0x00000022       0x34 C:/msys64/mingw64/bin/../lib/gcc/arm-none-eabi/13.3.0/thumb/v7e-m+fp/hard/crtbegin.o
 .ARM.attributes
                0x00000056       0x20 C:/msys64/mingw64/bin/../lib/gcc/arm-none-eabi/13.3.0/../../../../arm-none-eabi/lib/thumb/v7e-m+fp/hard/crt0.o
 .ARM.attributes
                0x00000076       0x34 C:/msys64/mingw64/bin/../lib/gcc/arm-none-eabi/13.3.0/../../../../arm-none-eabi/lib/thumb/v7e-m+fp/hard\libc_nano.a(libc_a-atexit.o)
 .ARM.attributes
                0x000000aa       0x34 C:/msys64/mingw64/bin/../lib/gcc/arm-none-eabi/13.3.0/../../../../arm-none-eabi/lib/thumb/v7e-m+fp/hard\libc_nano.a(libc_a-exit.o)
 .ARM.attributes
                0x000000de       0x34 C:/msys64/mingw64/bin/../lib/gcc/arm-none-eabi/13.3.0/../../../../arm-none-eabi/lib/thumb/v7e-m+fp/hard\libc_nano.a(libc_a-nano-vfprintf_float.o)
 .ARM.attributes
                0x00000112       0x34 C:/msys64/mingw64/bin/../lib/gcc/arm-none-eabi/13.3.0/../../../../arm-none-eabi/lib/thumb/v7e-m+fp/hard\libc_nano.a(libc_a-nano-vfprintf_i.o)
 .ARM.attributes
                0x00000146       0x34 C:/msys64/mingw64/bin/../lib/gcc/arm-none-eabi/13.3.0/../../../../arm-none-eabi/lib/thumb/v7e-m+fp/hard\libc_nano.a(libc_a-nano-vfscanf_float.o)
 .ARM.attributes
                0x0000017a       0x34 C:/msys64/mingw64/bin/../lib/gcc/arm-none-eabi/13.3.0/../../../../arm-none-eabi/lib/thumb/v7e-m+fp/hard\libc_nano.a(libc_a-findfp.o)
 .ARM.attributes
                0x000001ae       0x34 C:/msys64/mingw64/bin/../lib/gcc/arm-none-eabi/13.3.0/../../../../arm-none-eabi/lib/thumb/v7e-m+fp/hard\libc_nano.a(libc_a-fwalk.o)
 .ARM.attributes
                0x000001e2       0x34 C:/msys64/mingw64/bin/../lib/gcc/arm-none-eabi/13.3.0/../../../../arm-none-eabi/lib/thumb/v7e-m+fp/hard\libc_nano.a(libc_a-sprintf.o)
 .ARM.attributes
                0x00000216       0x34 C:/msys64/mingw64/bin/../lib/gcc/arm-none-eabi/13.3.0/../../../../arm-none-eabi/lib/thumb/v7e-m+fp/hard\libc_nano.a(libc_a-stdio.o)
 .ARM.attributes
                0x0000024a       0x34 C:/msys64/mingw64/bin/../lib/gcc/arm-none-eabi/13.3.0/../../../../arm-none-eabi/lib/thumb/v7e-m+fp/hard\libc_nano.a(libc_a-memset.o)
 .ARM.attributes
                0x0000027e       0x34 C:/msys64/mingw64/bin/../lib/gcc/arm-none-eabi/13.3.0/../../../../arm-none-eabi/lib/thumb/v7e-m+fp/hard\libc_nano.a(libc_a-localeconv.o)
 .ARM.attributes
                0x000002b2       0x34 C:/msys64/mingw64/bin/../lib/gcc/arm-none-eabi/13.3.0/../../../../arm-none-eabi/lib/thumb/v7e-m+fp/hard\libc_nano.a(libc_a-closer.o)
 .ARM.attributes
                0x000002e6       0x34 C:/msys64/mingw64/bin/../lib/gcc/arm-none-eabi/13.3.0/../../../../arm-none-eabi/lib/thumb/v7e-m+fp/hard\libc_nano.a(libc_a-reent.o)
 .ARM.attributes
                0x0000031a       0x34 C:/msys64/mingw64/bin/../lib/gcc/arm-none-eabi/13.3.0/../../../../arm-none-eabi/lib/thumb/v7e-m+fp/hard\libc_nano.a(libc_a-impure.o)
 .ARM.attributes
                0x0000034e       0x34 C:/msys64/mingw64/bin/../lib/gcc/arm-none-eabi/13.3.0/../../../../arm-none-eabi/lib/thumb/v7e-m+fp/hard\libc_nano.a(libc_a-lseekr.o)
 .ARM.attributes
                0x00000382       0x34 C:/msys64/mingw64/bin/../lib/gcc/arm-none-eabi/13.3.0/../../../../arm-none-eabi/lib/thumb/v7e-m+fp/hard\libc_nano.a(libc_a-readr.o)
 .ARM.attributes
                0x000003b6       0x34 C:/msys64/mingw64/bin/../lib/gcc/arm-none-eabi/13.3.0/../../../../arm-none-eabi/lib/thumb/v7e-m+fp/hard\libc_nano.a(libc_a-writer.o)
 .ARM.attributes
                0x000003ea       0x34 C:/msys64/mingw64/bin/../lib/gcc/arm-none-eabi/13.3.0/../../../../arm-none-eabi/lib/thumb/v7e-m+fp/hard\libc_nano.a(libc_a-init.o)
 .ARM.attributes
                0x0000041e       0x34 C:/msys64/mingw64/bin/../lib/gcc/arm-none-eabi/13.3.0/../../../../arm-none-eabi/lib/thumb/v7e-m+fp/hard\libc_nano.a(libc_a-fini.o)
 .ARM.attributes
                0x00000452       0x34 C:/msys64/mingw64/bin/../lib/gcc/arm-none-eabi/13.3.0/../../../../arm-none-eabi/lib/thumb/v7e-m+fp/hard\libc_nano.a(libc_a-lock.o)
 .ARM.attributes
                0x00000486       0x1c C:/msys64/mingw64/bin/../lib/gcc/arm-none-eabi/13.3.0/../../../../arm-none-eabi/lib/thumb/v7e-m+fp/hard\libc_nano.a(libc_a-memchr.o)
 .ARM.attributes
                0x000004a2       0x1c C:/msys64/mingw64/bin/../lib/gcc/arm-none-eabi/13.3.0/../../../../arm-none-eabi/lib/thumb/v7e-m+fp/hard\libc_nano.a(libc_a-strlen.o)
 .ARM.attributes
                0x000004be       0x34 C:/msys64/mingw64/bin/../lib/gcc/arm-none-eabi/13.3.0/../../../../arm-none-eabi/lib/thumb/v7e-m+fp/hard\libc_nano.a(libm_a-sf_nan.o)
 .ARM.attributes
                0x000004f2       0x34 C:/msys64/mingw64/bin/../lib/gcc/arm-none-eabi/13.3.0/../../../../arm-none-eabi/lib/thumb/v7e-m+fp/hard\libc_nano.a(libc_a-__atexit.o)
 .ARM.attributes
                0x00000526       0x34 C:/msys64/mingw64/bin/../lib/gcc/arm-none-eabi/13.3.0/../../../../arm-none-eabi/lib/thumb/v7e-m+fp/hard\libc_nano.a(libc_a-__call_atexit.o)
 .ARM.attributes
                0x0000055a       0x34 C:/msys64/mingw64/bin/../lib/gcc/arm-none-eabi/13.3.0/../../../../arm-none-eabi/lib/thumb/v7e-m+fp/hard\libc_nano.a(libc_a-dtoa.o)
 .ARM.attributes
                0x0000058e       0x34 C:/msys64/mingw64/bin/../lib/gcc/arm-none-eabi/13.3.0/../../../../arm-none-eabi/lib/thumb/v7e-m+fp/hard\libc_nano.a(libc_a-freer.o)
 .ARM.attributes
                0x000005c2       0x34 C:/msys64/mingw64/bin/../lib/gcc/arm-none-eabi/13.3.0/../../../../arm-none-eabi/lib/thumb/v7e-m+fp/hard\libc_nano.a(libc_a-malloc.o)
 .ARM.attributes
                0x000005f6       0x34 C:/msys64/mingw64/bin/../lib/gcc/arm-none-eabi/13.3.0/../../../../arm-none-eabi/lib/thumb/v7e-m+fp/hard\libc_nano.a(libc_a-mallocr.o)
 .ARM.attributes
                0x0000062a       0x34 C:/msys64/mingw64/bin/../lib/gcc/arm-none-eabi/13.3.0/../../../../arm-none-eabi/lib/thumb/v7e-m+fp/hard\libc_nano.a(libc_a-mlock.o)
 .ARM.attributes
                0x0000065e       0x34 C:/msys64/mingw64/bin/../lib/gcc/arm-none-eabi/13.3.0/../../../../arm-none-eabi/lib/thumb/v7e-m+fp/hard\libc_nano.a(libc_a-mprec.o)
 .ARM.attributes
                0x00000692       0x34 C:/msys64/mingw64/bin/../lib/gcc/arm-none-eabi/13.3.0/../../../../arm-none-eabi/lib/thumb/v7e-m+fp/hard\libc_nano.a(libc_a-strtod.o)
 .ARM.attributes
                0x000006c6       0x34 C:/msys64/mingw64/bin/../lib/gcc/arm-none-eabi/13.3.0/../../../../arm-none-eabi/lib/thumb/v7e-m+fp/hard\libc_nano.a(libc_a-strtol.o)
 .ARM.attributes
                0x000006fa       0x34 C:/msys64/mingw64/bin/../lib/gcc/arm-none-eabi/13.3.0/../../../../arm-none-eabi/lib/thumb/v7e-m+fp/hard\libc_nano.a(libc_a-ctype_.o)
 .ARM.attributes
                0x0000072e       0x34 C:/msys64/mingw64/bin/../lib/gcc/arm-none-eabi/13.3.0/../../../../arm-none-eabi/lib/thumb/v7e-m+fp/hard\libc_nano.a(libc_a-nano-svfprintf.o)
 .ARM.attributes
                0x00000762       0x34 C:/msys64/mingw64/bin/../lib/gcc/arm-none-eabi/13.3.0/../../../../arm-none-eabi/lib/thumb/v7e-m+fp/hard\libc_nano.a(libc_a-fflush.o)
 .ARM.attributes
                0x00000796       0x34 C:/msys64/mingw64/bin/../lib/gcc/arm-none-eabi/13.3.0/../../../../arm-none-eabi/lib/thumb/v7e-m+fp/hard\libc_nano.a(libc_a-memmove.o)
 .ARM.attributes
                0x000007ca       0x34 C:/msys64/mingw64/bin/../lib/gcc/arm-none-eabi/13.3.0/../../../../arm-none-eabi/lib/thumb/v7e-m+fp/hard\libc_nano.a(libc_a-strncmp.o)
 .ARM.attributes
                0x000007fe       0x34 C:/msys64/mingw64/bin/../lib/gcc/arm-none-eabi/13.3.0/../../../../arm-none-eabi/lib/thumb/v7e-m+fp/hard\libc_nano.a(libc_a-locale.o)
 .ARM.attributes
                0x00000832       0x34 C:/msys64/mingw64/bin/../lib/gcc/arm-none-eabi/13.3.0/../../../../arm-none-eabi/lib/thumb/v7e-m+fp/hard\libc_nano.a(libc_a-sbrkr.o)
 .ARM.attributes
                0x00000866       0x34 C:/msys64/mingw64/bin/../lib/gcc/arm-none-eabi/13.3.0/../../../../arm-none-eabi/lib/thumb/v7e-m+fp/hard\libc_nano.a(libc_a-errno.o)
 .ARM.attributes
                0x0000089a       0x20 C:/msys64/mingw64/bin/../lib/gcc/arm-none-eabi/13.3.0/../../../../arm-none-eabi/lib/thumb/v7e-m+fp/hard\libc_nano.a(libc_a-memcpy.o)
 .ARM.attributes
                0x000008ba       0x34 C:/msys64/mingw64/bin/../lib/gcc/arm-none-eabi/13.3.0/../../../../arm-none-eabi/lib/thumb/v7e-m+fp/hard\libc_nano.a(libm_a-s_nan.o)
 .ARM.attributes
                0x000008ee       0x34 C:/msys64/mingw64/bin/../lib/gcc/arm-none-eabi/13.3.0/../../../../arm-none-eabi/lib/thumb/v7e-m+fp/hard\libc_nano.a(libc_a-assert.o)
 .ARM.attributes
                0x00000922       0x34 C:/msys64/mingw64/bin/../lib/gcc/arm-none-eabi/13.3.0/../../../../arm-none-eabi/lib/thumb/v7e-m+fp/hard\libc_nano.a(libc_a-callocr.o)
 .ARM.attributes
                0x00000956       0x34 C:/msys64/mingw64/bin/../lib/gcc/arm-none-eabi/13.3.0/../../../../arm-none-eabi/lib/thumb/v7e-m+fp/hard\libc_nano.a(libc_a-gdtoa-gethex.o)
 .ARM.attributes
                0x0000098a       0x34 C:/msys64/mingw64/bin/../lib/gcc/arm-none-eabi/13.3.0/../../../../arm-none-eabi/lib/thumb/v7e-m+fp/hard\libc_nano.a(libc_a-gdtoa-hexnan.o)
 .ARM.attributes
                0x000009be       0x34 C:/msys64/mingw64/bin/../lib/gcc/arm-none-eabi/13.3.0/../../../../arm-none-eabi/lib/thumb/v7e-m+fp/hard\libc_nano.a(libc_a-mbtowc_r.o)
 .ARM.attributes
                0x000009f2       0x34 C:/msys64/mingw64/bin/../lib/gcc/arm-none-eabi/13.3.0/../../../../arm-none-eabi/lib/thumb/v7e-m+fp/hard\libc_nano.a(libc_a-reallocr.o)
 .ARM.attributes
                0x00000a26       0x34 C:/msys64/mingw64/bin/../lib/gcc/arm-none-eabi/13.3.0/../../../../arm-none-eabi/lib/thumb/v7e-m+fp/hard\libc_nano.a(libc_a-wctomb_r.o)
 .ARM.attributes
                0x00000a5a       0x34 C:/msys64/mingw64/bin/../lib/gcc/arm-none-eabi/13.3.0/../../../../arm-none-eabi/lib/thumb/v7e-m+fp/hard\libc_nano.a(libc_a-fprintf.o)
 .ARM.attributes
                0x00000a8e       0x34 C:/msys64/mingw64/bin/../lib/gcc/arm-none-eabi/13.3.0/../../../../arm-none-eabi/lib/thumb/v7e-m+fp/hard\libc_nano.a(libc_a-abort.o)
 .ARM.attributes
                0x00000ac2       0x34 C:/msys64/mingw64/bin/../lib/gcc/arm-none-eabi/13.3.0/../../../../arm-none-eabi/lib/thumb/v7e-m+fp/hard\libc_nano.a(libc_a-msizer.o)
 .ARM.attributes
                0x00000af6       0x34 C:/msys64/mingw64/bin/../lib/gcc/arm-none-eabi/13.3.0/../../../../arm-none-eabi/lib/thumb/v7e-m+fp/hard\libc_nano.a(libc_a-nano-vfprintf.o)
 .ARM.attributes
                0x00000b2a       0x34 C:/msys64/mingw64/bin/../lib/gcc/arm-none-eabi/13.3.0/../../../../arm-none-eabi/lib/thumb/v7e-m+fp/hard\libc_nano.a(libc_a-fvwrite.o)
 .ARM.attributes
                0x00000b5e       0x34 C:/msys64/mingw64/bin/../lib/gcc/arm-none-eabi/13.3.0/../../../../arm-none-eabi/lib/thumb/v7e-m+fp/hard\libc_nano.a(libc_a-wbuf.o)
 .ARM.attributes
                0x00000b92       0x34 C:/msys64/mingw64/bin/../lib/gcc/arm-none-eabi/13.3.0/../../../../arm-none-eabi/lib/thumb/v7e-m+fp/hard\libc_nano.a(libc_a-wsetup.o)
 .ARM.attributes
                0x00000bc6       0x34 C:/msys64/mingw64/bin/../lib/gcc/arm-none-eabi/13.3.0/../../../../arm-none-eabi/lib/thumb/v7e-m+fp/hard\libc_nano.a(libc_a-signal.o)
 .ARM.attributes
                0x00000bfa       0x34 C:/msys64/mingw64/bin/../lib/gcc/arm-none-eabi/13.3.0/../../../../arm-none-eabi/lib/thumb/v7e-m+fp/hard\libc_nano.a(libc_a-signalr.o)
 .ARM.attributes
                0x00000c2e       0x34 C:/msys64/mingw64/bin/../lib/gcc/arm-none-eabi/13.3.0/../../../../arm-none-eabi/lib/thumb/v7e-m+fp/hard\libc_nano.a(libc_a-makebuf.o)
 .ARM.attributes
                0x00000c62       0x34 C:/msys64/mingw64/bin/../lib/gcc/arm-none-eabi/13.3.0/../../../../arm-none-eabi/lib/thumb/v7e-m+fp/hard\libc_nano.a(libc_a-fstatr.o)
 .ARM.attributes
                0x00000c96       0x34 C:/msys64/mingw64/bin/../lib/gcc/arm-none-eabi/13.3.0/../../../../arm-none-eabi/lib/thumb/v7e-m+fp/hard\libc_nano.a(libc_a-isattyr.o)
 .ARM.attributes
                0x00000cca       0x34 CMakeFiles/blinky.elf.dir/7be9e89345f91d1c34828d88d787f678/NIIET/K1921VK035/Source/system_K1921VK035.c.obj
 .ARM.attributes
                0x00000cfe       0x34 CMakeFiles/blinky.elf.dir/89453849d6d115cef422537725914b7b/retarget/Template/K1921VK035/retarget_conf.c.obj
 .ARM.attributes
                0x00000d32       0x34 CMakeFiles/blinky.elf.dir/665cb2cdd5c880f78f367d28651725ea/projects/NIIET-BB-K1921VK035/blinky/app/main.c.obj
 .ARM.attributes
                0x00000d66       0x1c CMakeFiles/blinky.elf.dir/7be9e89345f91d1c34828d88d787f678/NIIET/K1921VK035/Source/GCC/startup_K1921VK035.S.obj
 .ARM.attributes
                0x00000d82       0x34 CMakeFiles/blinky.elf.dir/665cb2cdd5c880f78f367d28651725ea/platform/retarget/retarget.c.obj
 .ARM.attributes
                0x00000db6       0x22 C:/msys64/mingw64/bin/../lib/gcc/arm-none-eabi/13.3.0/thumb/v7e-m+fp/hard\libgcc.a(_arm_addsubdf3.o)
 .ARM.attributes
                0x00000dd8       0x22 C:/msys64/mingw64/bin/../lib/gcc/arm-none-eabi/13.3.0/thumb/v7e-m+fp/hard\libgcc.a(_arm_muldivdf3.o)
 .ARM.attributes
                0x00000dfa       0x22 C:/msys64/mingw64/bin/../lib/gcc/arm-none-eabi/13.3.0/thumb/v7e-m+fp/hard\libgcc.a(_arm_cmpdf2.o)
 .ARM.attributes
                0x00000e1c       0x22 C:/msys64/mingw64/bin/../lib/gcc/arm-none-eabi/13.3.0/thumb/v7e-m+fp/hard\libgcc.a(_arm_unorddf2.o)
 .ARM.attributes
                0x00000e3e       0x22 C:/msys64/mingw64/bin/../lib/gcc/arm-none-eabi/13.3.0/thumb/v7e-m+fp/hard\libgcc.a(_arm_fixdfsi.o)
 .ARM.attributes
                0x00000e60       0x22 C:/msys64/mingw64/bin/../lib/gcc/arm-none-eabi/13.3.0/thumb/v7e-m+fp/hard\libgcc.a(_arm_fixunsdfsi.o)
 .ARM.attributes
                0x00000e82       0x22 C:/msys64/mingw64/bin/../lib/gcc/arm-none-eabi/13.3.0/thumb/v7e-m+fp/hard\libgcc.a(_arm_truncdfsf2.o)
 .ARM.attributes
                0x00000ea4       0x34 C:/msys64/mingw64/bin/../lib/gcc/arm-none-eabi/13.3.0/thumb/v7e-m+fp/hard\libgcc.a(_fixdfdi.o)
 .ARM.attributes
                0x00000ed8       0x34 C:/msys64/mingw64/bin/../lib/gcc/arm-none-eabi/13.3.0/thumb/v7e-m+fp/hard\libgcc.a(_fixunsdfdi.o)
 .ARM.attributes
                0x00000f0c       0x34 C:/msys64/mingw64/bin/../lib/gcc/arm-none-eabi/13.3.0/../../../../arm-none-eabi/lib/thumb/v7e-m+fp/hard\libg_nano.a(libc_a-snprintf.o)
 .ARM.attributes
                0x00000f40       0x34 C:/msys64/mingw64/bin/../lib/gcc/arm-none-eabi/13.3.0/../../../../arm-none-eabi/lib/thumb/v7e-m+fp/hard\libnosys.a(close.o)
 .ARM.attributes
                0x00000f74       0x34 C:/msys64/mingw64/bin/../lib/gcc/arm-none-eabi/13.3.0/../../../../arm-none-eabi/lib/thumb/v7e-m+fp/hard\libnosys.a(fstat.o)
 .ARM.attributes
                0x00000fa8       0x34 C:/msys64/mingw64/bin/../lib/gcc/arm-none-eabi/13.3.0/../../../../arm-none-eabi/lib/thumb/v7e-m+fp/hard\libnosys.a(getpid.o)
 .ARM.attributes
                0x00000fdc       0x34 C:/msys64/mingw64/bin/../lib/gcc/arm-none-eabi/13.3.0/../../../../arm-none-eabi/lib/thumb/v7e-m+fp/hard\libnosys.a(isatty.o)
 .ARM.attributes
                0x00001010       0x34 C:/msys64/mingw64/bin/../lib/gcc/arm-none-eabi/13.3.0/../../../../arm-none-eabi/lib/thumb/v7e-m+fp/hard\libnosys.a(kill.o)
 .ARM.attributes
                0x00001044       0x34 C:/msys64/mingw64/bin/../lib/gcc/arm-none-eabi/13.3.0/../../../../arm-none-eabi/lib/thumb/v7e-m+fp/hard\libnosys.a(lseek.o)
 .ARM.attributes
                0x00001078       0x34 C:/msys64/mingw64/bin/../lib/gcc/arm-none-eabi/13.3.0/../../../../arm-none-eabi/lib/thumb/v7e-m+fp/hard\libnosys.a(sbrk.o)
 .ARM.attributes
                0x000010ac       0x34 C:/msys64/mingw64/bin/../lib/gcc/arm-none-eabi/13.3.0/../../../../arm-none-eabi/lib/thumb/v7e-m+fp/hard\libnosys.a(_exit.o)
 .ARM.attributes
                0x000010e0       0x34 C:/msys64/mingw64/bin/../lib/gcc/arm-none-eabi/13.3.0/thumb/v7e-m+fp/hard/crtend.o
 .ARM.attributes
                0x00001114       0x22 C:/msys64/mingw64/bin/../lib/gcc/arm-none-eabi/13.3.0/thumb/v7e-m+fp/hard/crtn.o

.comment        0x00000000       0x12
 .comment       0x00000000       0x12 C:/msys64/mingw64/bin/../lib/gcc/arm-none-eabi/13.3.0/../../../../arm-none-eabi/lib/thumb/v7e-m+fp/hard\libc_nano.a(libc_a-atexit.o)
                                 0x13 (size before relaxing)
 .comment       0x00000012        0x0 C:/msys64/mingw64/bin/../lib/gcc/arm-none-eabi/13.3.0/../../../../arm-none-eabi/lib/thumb/v7e-m+fp/hard\libc_nano.a(libc_a-exit.o)
                                 0x13 (size before relaxing)
 .comment       0x00000012        0x0 C:/msys64/mingw64/bin/../lib/gcc/arm-none-eabi/13.3.0/../../../../arm-none-eabi/lib/thumb/v7e-m+fp/hard\libc_nano.a(libc_a-nano-vfprintf_float.o)
                                 0x13 (size before relaxing)
 .comment       0x00000012        0x0 C:/msys64/mingw64/bin/../lib/gcc/arm-none-eabi/13.3.0/../../../../arm-none-eabi/lib/thumb/v7e-m+fp/hard\libc_nano.a(libc_a-nano-vfprintf_i.o)
                                 0x13 (size before relaxing)
 .comment       0x00000012        0x0 C:/msys64/mingw64/bin/../lib/gcc/arm-none-eabi/13.3.0/../../../../arm-none-eabi/lib/thumb/v7e-m+fp/hard\libc_nano.a(libc_a-nano-vfscanf_float.o)
                                 0x13 (size before relaxing)
 .comment       0x00000012        0x0 C:/msys64/mingw64/bin/../lib/gcc/arm-none-eabi/13.3.0/../../../../arm-none-eabi/lib/thumb/v7e-m+fp/hard\libc_nano.a(libc_a-findfp.o)
                                 0x13 (size before relaxing)
 .comment       0x00000012        0x0 C:/msys64/mingw64/bin/../lib/gcc/arm-none-eabi/13.3.0/../../../../arm-none-eabi/lib/thumb/v7e-m+fp/hard\libc_nano.a(libc_a-fwalk.o)
                                 0x13 (size before relaxing)
 .comment       0x00000012        0x0 C:/msys64/mingw64/bin/../lib/gcc/arm-none-eabi/13.3.0/../../../../arm-none-eabi/lib/thumb/v7e-m+fp/hard\libc_nano.a(libc_a-sprintf.o)
                                 0x13 (size before relaxing)
 .comment       0x00000012        0x0 C:/msys64/mingw64/bin/../lib/gcc/arm-none-eabi/13.3.0/../../../../arm-none-eabi/lib/thumb/v7e-m+fp/hard\libc_nano.a(libc_a-stdio.o)
                                 0x13 (size before relaxing)
 .comment       0x00000012        0x0 C:/msys64/mingw64/bin/../lib/gcc/arm-none-eabi/13.3.0/../../../../arm-none-eabi/lib/thumb/v7e-m+fp/hard\libc_nano.a(libc_a-memset.o)
                                 0x13 (size before relaxing)
 .comment       0x00000012        0x0 C:/msys64/mingw64/bin/../lib/gcc/arm-none-eabi/13.3.0/../../../../arm-none-eabi/lib/thumb/v7e-m+fp/hard\libc_nano.a(libc_a-localeconv.o)
                                 0x13 (size before relaxing)
 .comment       0x00000012        0x0 C:/msys64/mingw64/bin/../lib/gcc/arm-none-eabi/13.3.0/../../../../arm-none-eabi/lib/thumb/v7e-m+fp/hard\libc_nano.a(libc_a-closer.o)
                                 0x13 (size before relaxing)
 .comment       0x00000012        0x0 C:/msys64/mingw64/bin/../lib/gcc/arm-none-eabi/13.3.0/../../../../arm-none-eabi/lib/thumb/v7e-m+fp/hard\libc_nano.a(libc_a-reent.o)
                                 0x13 (size before relaxing)
 .comment       0x00000012        0x0 C:/msys64/mingw64/bin/../lib/gcc/arm-none-eabi/13.3.0/../../../../arm-none-eabi/lib/thumb/v7e-m+fp/hard\libc_nano.a(libc_a-impure.o)
                                 0x13 (size before relaxing)
 .comment       0x00000012        0x0 C:/msys64/mingw64/bin/../lib/gcc/arm-none-eabi/13.3.0/../../../../arm-none-eabi/lib/thumb/v7e-m+fp/hard\libc_nano.a(libc_a-lseekr.o)
                                 0x13 (size before relaxing)
 .comment       0x00000012        0x0 C:/msys64/mingw64/bin/../lib/gcc/arm-none-eabi/13.3.0/../../../../arm-none-eabi/lib/thumb/v7e-m+fp/hard\libc_nano.a(libc_a-readr.o)
                                 0x13 (size before relaxing)
 .comment       0x00000012        0x0 C:/msys64/mingw64/bin/../lib/gcc/arm-none-eabi/13.3.0/../../../../arm-none-eabi/lib/thumb/v7e-m+fp/hard\libc_nano.a(libc_a-writer.o)
                                 0x13 (size before relaxing)
 .comment       0x00000012        0x0 C:/msys64/mingw64/bin/../lib/gcc/arm-none-eabi/13.3.0/../../../../arm-none-eabi/lib/thumb/v7e-m+fp/hard\libc_nano.a(libc_a-init.o)
                                 0x13 (size before relaxing)
 .comment       0x00000012        0x0 C:/msys64/mingw64/bin/../lib/gcc/arm-none-eabi/13.3.0/../../../../arm-none-eabi/lib/thumb/v7e-m+fp/hard\libc_nano.a(libc_a-fini.o)
                                 0x13 (size before relaxing)
 .comment       0x00000012        0x0 C:/msys64/mingw64/bin/../lib/gcc/arm-none-eabi/13.3.0/../../../../arm-none-eabi/lib/thumb/v7e-m+fp/hard\libc_nano.a(libc_a-lock.o)
                                 0x13 (size before relaxing)
 .comment       0x00000012        0x0 C:/msys64/mingw64/bin/../lib/gcc/arm-none-eabi/13.3.0/../../../../arm-none-eabi/lib/thumb/v7e-m+fp/hard\libc_nano.a(libm_a-sf_nan.o)
                                 0x13 (size before relaxing)
 .comment       0x00000012        0x0 C:/msys64/mingw64/bin/../lib/gcc/arm-none-eabi/13.3.0/../../../../arm-none-eabi/lib/thumb/v7e-m+fp/hard\libc_nano.a(libc_a-__atexit.o)
                                 0x13 (size before relaxing)
 .comment       0x00000012        0x0 C:/msys64/mingw64/bin/../lib/gcc/arm-none-eabi/13.3.0/../../../../arm-none-eabi/lib/thumb/v7e-m+fp/hard\libc_nano.a(libc_a-__call_atexit.o)
                                 0x13 (size before relaxing)
 .comment       0x00000012        0x0 C:/msys64/mingw64/bin/../lib/gcc/arm-none-eabi/13.3.0/../../../../arm-none-eabi/lib/thumb/v7e-m+fp/hard\libc_nano.a(libc_a-dtoa.o)
                                 0x13 (size before relaxing)
 .comment       0x00000012        0x0 C:/msys64/mingw64/bin/../lib/gcc/arm-none-eabi/13.3.0/../../../../arm-none-eabi/lib/thumb/v7e-m+fp/hard\libc_nano.a(libc_a-freer.o)
                                 0x13 (size before relaxing)
 .comment       0x00000012        0x0 C:/msys64/mingw64/bin/../lib/gcc/arm-none-eabi/13.3.0/../../../../arm-none-eabi/lib/thumb/v7e-m+fp/hard\libc_nano.a(libc_a-malloc.o)
                                 0x13 (size before relaxing)
 .comment       0x00000012        0x0 C:/msys64/mingw64/bin/../lib/gcc/arm-none-eabi/13.3.0/../../../../arm-none-eabi/lib/thumb/v7e-m+fp/hard\libc_nano.a(libc_a-mallocr.o)
                                 0x13 (size before relaxing)
 .comment       0x00000012        0x0 C:/msys64/mingw64/bin/../lib/gcc/arm-none-eabi/13.3.0/../../../../arm-none-eabi/lib/thumb/v7e-m+fp/hard\libc_nano.a(libc_a-mlock.o)
                                 0x13 (size before relaxing)
 .comment       0x00000012        0x0 C:/msys64/mingw64/bin/../lib/gcc/arm-none-eabi/13.3.0/../../../../arm-none-eabi/lib/thumb/v7e-m+fp/hard\libc_nano.a(libc_a-mprec.o)
                                 0x13 (size before relaxing)
 .comment       0x00000012        0x0 C:/msys64/mingw64/bin/../lib/gcc/arm-none-eabi/13.3.0/../../../../arm-none-eabi/lib/thumb/v7e-m+fp/hard\libc_nano.a(libc_a-strtod.o)
                                 0x13 (size before relaxing)
 .comment       0x00000012        0x0 C:/msys64/mingw64/bin/../lib/gcc/arm-none-eabi/13.3.0/../../../../arm-none-eabi/lib/thumb/v7e-m+fp/hard\libc_nano.a(libc_a-strtol.o)
                                 0x13 (size before relaxing)
 .comment       0x00000012        0x0 C:/msys64/mingw64/bin/../lib/gcc/arm-none-eabi/13.3.0/../../../../arm-none-eabi/lib/thumb/v7e-m+fp/hard\libc_nano.a(libc_a-ctype_.o)
                                 0x13 (size before relaxing)
 .comment       0x00000012        0x0 C:/msys64/mingw64/bin/../lib/gcc/arm-none-eabi/13.3.0/../../../../arm-none-eabi/lib/thumb/v7e-m+fp/hard\libc_nano.a(libc_a-nano-svfprintf.o)
                                 0x13 (size before relaxing)
 .comment       0x00000012        0x0 C:/msys64/mingw64/bin/../lib/gcc/arm-none-eabi/13.3.0/../../../../arm-none-eabi/lib/thumb/v7e-m+fp/hard\libc_nano.a(libc_a-fflush.o)
                                 0x13 (size before relaxing)
 .comment       0x00000012        0x0 C:/msys64/mingw64/bin/../lib/gcc/arm-none-eabi/13.3.0/../../../../arm-none-eabi/lib/thumb/v7e-m+fp/hard\libc_nano.a(libc_a-memmove.o)
                                 0x13 (size before relaxing)
 .comment       0x00000012        0x0 C:/msys64/mingw64/bin/../lib/gcc/arm-none-eabi/13.3.0/../../../../arm-none-eabi/lib/thumb/v7e-m+fp/hard\libc_nano.a(libc_a-strncmp.o)
                                 0x13 (size before relaxing)
 .comment       0x00000012        0x0 C:/msys64/mingw64/bin/../lib/gcc/arm-none-eabi/13.3.0/../../../../arm-none-eabi/lib/thumb/v7e-m+fp/hard\libc_nano.a(libc_a-locale.o)
                                 0x13 (size before relaxing)
 .comment       0x00000012        0x0 C:/msys64/mingw64/bin/../lib/gcc/arm-none-eabi/13.3.0/../../../../arm-none-eabi/lib/thumb/v7e-m+fp/hard\libc_nano.a(libc_a-sbrkr.o)
                                 0x13 (size before relaxing)
 .comment       0x00000012        0x0 C:/msys64/mingw64/bin/../lib/gcc/arm-none-eabi/13.3.0/../../../../arm-none-eabi/lib/thumb/v7e-m+fp/hard\libc_nano.a(libc_a-errno.o)
                                 0x13 (size before relaxing)
 .comment       0x00000012        0x0 C:/msys64/mingw64/bin/../lib/gcc/arm-none-eabi/13.3.0/../../../../arm-none-eabi/lib/thumb/v7e-m+fp/hard\libc_nano.a(libm_a-s_nan.o)
                                 0x13 (size before relaxing)
 .comment       0x00000012        0x0 C:/msys64/mingw64/bin/../lib/gcc/arm-none-eabi/13.3.0/../../../../arm-none-eabi/lib/thumb/v7e-m+fp/hard\libc_nano.a(libc_a-assert.o)
                                 0x13 (size before relaxing)
 .comment       0x00000012        0x0 C:/msys64/mingw64/bin/../lib/gcc/arm-none-eabi/13.3.0/../../../../arm-none-eabi/lib/thumb/v7e-m+fp/hard\libc_nano.a(libc_a-callocr.o)
                                 0x13 (size before relaxing)
 .comment       0x00000012        0x0 C:/msys64/mingw64/bin/../lib/gcc/arm-none-eabi/13.3.0/../../../../arm-none-eabi/lib/thumb/v7e-m+fp/hard\libc_nano.a(libc_a-gdtoa-gethex.o)
                                 0x13 (size before relaxing)
 .comment       0x00000012        0x0 C:/msys64/mingw64/bin/../lib/gcc/arm-none-eabi/13.3.0/../../../../arm-none-eabi/lib/thumb/v7e-m+fp/hard\libc_nano.a(libc_a-gdtoa-hexnan.o)
                                 0x13 (size before relaxing)
 .comment       0x00000012        0x0 C:/msys64/mingw64/bin/../lib/gcc/arm-none-eabi/13.3.0/../../../../arm-none-eabi/lib/thumb/v7e-m+fp/hard\libc_nano.a(libc_a-mbtowc_r.o)
                                 0x13 (size before relaxing)
 .comment       0x00000012        0x0 C:/msys64/mingw64/bin/../lib/gcc/arm-none-eabi/13.3.0/../../../../arm-none-eabi/lib/thumb/v7e-m+fp/hard\libc_nano.a(libc_a-reallocr.o)
                                 0x13 (size before relaxing)
 .comment       0x00000012        0x0 C:/msys64/mingw64/bin/../lib/gcc/arm-none-eabi/13.3.0/../../../../arm-none-eabi/lib/thumb/v7e-m+fp/hard\libc_nano.a(libc_a-wctomb_r.o)
                                 0x13 (size before relaxing)
 .comment       0x00000012        0x0 C:/msys64/mingw64/bin/../lib/gcc/arm-none-eabi/13.3.0/../../../../arm-none-eabi/lib/thumb/v7e-m+fp/hard\libc_nano.a(libc_a-fprintf.o)
                                 0x13 (size before relaxing)
 .comment       0x00000012        0x0 C:/msys64/mingw64/bin/../lib/gcc/arm-none-eabi/13.3.0/../../../../arm-none-eabi/lib/thumb/v7e-m+fp/hard\libc_nano.a(libc_a-abort.o)
                                 0x13 (size before relaxing)
 .comment       0x00000012        0x0 C:/msys64/mingw64/bin/../lib/gcc/arm-none-eabi/13.3.0/../../../../arm-none-eabi/lib/thumb/v7e-m+fp/hard\libc_nano.a(libc_a-msizer.o)
                                 0x13 (size before relaxing)
 .comment       0x00000012        0x0 C:/msys64/mingw64/bin/../lib/gcc/arm-none-eabi/13.3.0/../../../../arm-none-eabi/lib/thumb/v7e-m+fp/hard\libc_nano.a(libc_a-nano-vfprintf.o)
                                 0x13 (size before relaxing)
 .comment       0x00000012        0x0 C:/msys64/mingw64/bin/../lib/gcc/arm-none-eabi/13.3.0/../../../../arm-none-eabi/lib/thumb/v7e-m+fp/hard\libc_nano.a(libc_a-fvwrite.o)
                                 0x13 (size before relaxing)
 .comment       0x00000012        0x0 C:/msys64/mingw64/bin/../lib/gcc/arm-none-eabi/13.3.0/../../../../arm-none-eabi/lib/thumb/v7e-m+fp/hard\libc_nano.a(libc_a-wbuf.o)
                                 0x13 (size before relaxing)
 .comment       0x00000012        0x0 C:/msys64/mingw64/bin/../lib/gcc/arm-none-eabi/13.3.0/../../../../arm-none-eabi/lib/thumb/v7e-m+fp/hard\libc_nano.a(libc_a-wsetup.o)
                                 0x13 (size before relaxing)
 .comment       0x00000012        0x0 C:/msys64/mingw64/bin/../lib/gcc/arm-none-eabi/13.3.0/../../../../arm-none-eabi/lib/thumb/v7e-m+fp/hard\libc_nano.a(libc_a-signal.o)
                                 0x13 (size before relaxing)
 .comment       0x00000012        0x0 C:/msys64/mingw64/bin/../lib/gcc/arm-none-eabi/13.3.0/../../../../arm-none-eabi/lib/thumb/v7e-m+fp/hard\libc_nano.a(libc_a-signalr.o)
                                 0x13 (size before relaxing)
 .comment       0x00000012        0x0 C:/msys64/mingw64/bin/../lib/gcc/arm-none-eabi/13.3.0/../../../../arm-none-eabi/lib/thumb/v7e-m+fp/hard\libc_nano.a(libc_a-makebuf.o)
                                 0x13 (size before relaxing)
 .comment       0x00000012        0x0 C:/msys64/mingw64/bin/../lib/gcc/arm-none-eabi/13.3.0/../../../../arm-none-eabi/lib/thumb/v7e-m+fp/hard\libc_nano.a(libc_a-fstatr.o)
                                 0x13 (size before relaxing)
 .comment       0x00000012        0x0 C:/msys64/mingw64/bin/../lib/gcc/arm-none-eabi/13.3.0/../../../../arm-none-eabi/lib/thumb/v7e-m+fp/hard\libc_nano.a(libc_a-isattyr.o)
                                 0x13 (size before relaxing)
 .comment       0x00000012        0x0 CMakeFiles/blinky.elf.dir/7be9e89345f91d1c34828d88d787f678/NIIET/K1921VK035/Source/system_K1921VK035.c.obj
                                 0x13 (size before relaxing)
 .comment       0x00000012        0x0 CMakeFiles/blinky.elf.dir/89453849d6d115cef422537725914b7b/retarget/Template/K1921VK035/retarget_conf.c.obj
                                 0x13 (size before relaxing)
 .comment       0x00000012        0x0 CMakeFiles/blinky.elf.dir/665cb2cdd5c880f78f367d28651725ea/projects/NIIET-BB-K1921VK035/blinky/app/main.c.obj
                                 0x13 (size before relaxing)
 .comment       0x00000012        0x0 CMakeFiles/blinky.elf.dir/665cb2cdd5c880f78f367d28651725ea/platform/retarget/retarget.c.obj
                                 0x13 (size before relaxing)
 .comment       0x00000012        0x0 C:/msys64/mingw64/bin/../lib/gcc/arm-none-eabi/13.3.0/thumb/v7e-m+fp/hard\libgcc.a(_fixdfdi.o)
                                 0x13 (size before relaxing)
 .comment       0x00000012        0x0 C:/msys64/mingw64/bin/../lib/gcc/arm-none-eabi/13.3.0/thumb/v7e-m+fp/hard\libgcc.a(_fixunsdfdi.o)
                                 0x13 (size before relaxing)
 .comment       0x00000012        0x0 C:/msys64/mingw64/bin/../lib/gcc/arm-none-eabi/13.3.0/../../../../arm-none-eabi/lib/thumb/v7e-m+fp/hard\libg_nano.a(libc_a-snprintf.o)
                                 0x13 (size before relaxing)

.debug_line_str
                0x00000000      0x2bd
 .debug_line_str
                0x00000000      0x2bd C:/msys64/mingw64/bin/../lib/gcc/arm-none-eabi/13.3.0/../../../../arm-none-eabi/lib/thumb/v7e-m+fp/hard/crt0.o
                                 0x79 (size before relaxing)
 .debug_line_str
                0x000002bd        0x0 C:/msys64/mingw64/bin/../lib/gcc/arm-none-eabi/13.3.0/../../../../arm-none-eabi/lib/thumb/v7e-m+fp/hard\libc_nano.a(libc_a-memchr.o)
                                 0x89 (size before relaxing)
 .debug_line_str
                0x000002bd        0x0 C:/msys64/mingw64/bin/../lib/gcc/arm-none-eabi/13.3.0/../../../../arm-none-eabi/lib/thumb/v7e-m+fp/hard\libc_nano.a(libc_a-strlen.o)
                                 0x8f (size before relaxing)
 .debug_line_str
                0x000002bd        0x0 C:/msys64/mingw64/bin/../lib/gcc/arm-none-eabi/13.3.0/../../../../arm-none-eabi/lib/thumb/v7e-m+fp/hard\libc_nano.a(libc_a-memcpy.o)
                                 0x90 (size before relaxing)
 .debug_line_str
                0x000002bd        0x0 CMakeFiles/blinky.elf.dir/7be9e89345f91d1c34828d88d787f678/NIIET/K1921VK035/Source/GCC/startup_K1921VK035.S.obj
                                0x125 (size before relaxing)
 .debug_line_str
                0x000002bd        0x0 C:/msys64/mingw64/bin/../lib/gcc/arm-none-eabi/13.3.0/thumb/v7e-m+fp/hard\libgcc.a(_arm_addsubdf3.o)
                                 0x77 (size before relaxing)
 .debug_line_str
                0x000002bd        0x0 C:/msys64/mingw64/bin/../lib/gcc/arm-none-eabi/13.3.0/thumb/v7e-m+fp/hard\libgcc.a(_arm_muldivdf3.o)
                                 0x77 (size before relaxing)
 .debug_line_str
                0x000002bd        0x0 C:/msys64/mingw64/bin/../lib/gcc/arm-none-eabi/13.3.0/thumb/v7e-m+fp/hard\libgcc.a(_arm_cmpdf2.o)
                                 0x77 (size before relaxing)
 .debug_line_str
                0x000002bd        0x0 C:/msys64/mingw64/bin/../lib/gcc/arm-none-eabi/13.3.0/thumb/v7e-m+fp/hard\libgcc.a(_arm_unorddf2.o)
                                 0x77 (size before relaxing)
 .debug_line_str
                0x000002bd        0x0 C:/msys64/mingw64/bin/../lib/gcc/arm-none-eabi/13.3.0/thumb/v7e-m+fp/hard\libgcc.a(_arm_fixdfsi.o)
                                 0x77 (size before relaxing)
 .debug_line_str
                0x000002bd        0x0 C:/msys64/mingw64/bin/../lib/gcc/arm-none-eabi/13.3.0/thumb/v7e-m+fp/hard\libgcc.a(_arm_fixunsdfsi.o)
                                 0x77 (size before relaxing)
 .debug_line_str
                0x000002bd        0x0 C:/msys64/mingw64/bin/../lib/gcc/arm-none-eabi/13.3.0/thumb/v7e-m+fp/hard\libgcc.a(_arm_truncdfsf2.o)
                                 0x77 (size before relaxing)

.debug_info     0x00000000    0x2cf5d
 .debug_info    0x00000000      0x11e C:/msys64/mingw64/bin/../lib/gcc/arm-none-eabi/13.3.0/../../../../arm-none-eabi/lib/thumb/v7e-m+fp/hard\libc_nano.a(libc_a-atexit.o)
 .debug_info    0x0000011e      0x11b C:/msys64/mingw64/bin/../lib/gcc/arm-none-eabi/13.3.0/../../../../arm-none-eabi/lib/thumb/v7e-m+fp/hard\libc_nano.a(libc_a-exit.o)
 .debug_info    0x00000239     0x1403 C:/msys64/mingw64/bin/../lib/gcc/arm-none-eabi/13.3.0/../../../../arm-none-eabi/lib/thumb/v7e-m+fp/hard\libc_nano.a(libc_a-nano-vfprintf_float.o)
 .debug_info    0x0000163c      0xde1 C:/msys64/mingw64/bin/../lib/gcc/arm-none-eabi/13.3.0/../../../../arm-none-eabi/lib/thumb/v7e-m+fp/hard\libc_nano.a(libc_a-nano-vfprintf_i.o)
 .debug_info    0x0000241d      0xdb6 C:/msys64/mingw64/bin/../lib/gcc/arm-none-eabi/13.3.0/../../../../arm-none-eabi/lib/thumb/v7e-m+fp/hard\libc_nano.a(libc_a-nano-vfscanf_float.o)
 .debug_info    0x000031d3     0x10c4 C:/msys64/mingw64/bin/../lib/gcc/arm-none-eabi/13.3.0/../../../../arm-none-eabi/lib/thumb/v7e-m+fp/hard\libc_nano.a(libc_a-findfp.o)
 .debug_info    0x00004297      0x7d2 C:/msys64/mingw64/bin/../lib/gcc/arm-none-eabi/13.3.0/../../../../arm-none-eabi/lib/thumb/v7e-m+fp/hard\libc_nano.a(libc_a-fwalk.o)
 .debug_info    0x00004a69      0x885 C:/msys64/mingw64/bin/../lib/gcc/arm-none-eabi/13.3.0/../../../../arm-none-eabi/lib/thumb/v7e-m+fp/hard\libc_nano.a(libc_a-sprintf.o)
 .debug_info    0x000052ee      0xa8a C:/msys64/mingw64/bin/../lib/gcc/arm-none-eabi/13.3.0/../../../../arm-none-eabi/lib/thumb/v7e-m+fp/hard\libc_nano.a(libc_a-stdio.o)
 .debug_info    0x00005d78      0x135 C:/msys64/mingw64/bin/../lib/gcc/arm-none-eabi/13.3.0/../../../../arm-none-eabi/lib/thumb/v7e-m+fp/hard\libc_nano.a(libc_a-memset.o)
 .debug_info    0x00005ead      0xa18 C:/msys64/mingw64/bin/../lib/gcc/arm-none-eabi/13.3.0/../../../../arm-none-eabi/lib/thumb/v7e-m+fp/hard\libc_nano.a(libc_a-localeconv.o)
 .debug_info    0x000068c5      0x75d C:/msys64/mingw64/bin/../lib/gcc/arm-none-eabi/13.3.0/../../../../arm-none-eabi/lib/thumb/v7e-m+fp/hard\libc_nano.a(libc_a-closer.o)
 .debug_info    0x00007022      0x8a9 C:/msys64/mingw64/bin/../lib/gcc/arm-none-eabi/13.3.0/../../../../arm-none-eabi/lib/thumb/v7e-m+fp/hard\libc_nano.a(libc_a-reent.o)
 .debug_info    0x000078cb      0x715 C:/msys64/mingw64/bin/../lib/gcc/arm-none-eabi/13.3.0/../../../../arm-none-eabi/lib/thumb/v7e-m+fp/hard\libc_nano.a(libc_a-impure.o)
 .debug_info    0x00007fe0      0x7a8 C:/msys64/mingw64/bin/../lib/gcc/arm-none-eabi/13.3.0/../../../../arm-none-eabi/lib/thumb/v7e-m+fp/hard\libc_nano.a(libc_a-lseekr.o)
 .debug_info    0x00008788      0x7bf C:/msys64/mingw64/bin/../lib/gcc/arm-none-eabi/13.3.0/../../../../arm-none-eabi/lib/thumb/v7e-m+fp/hard\libc_nano.a(libc_a-readr.o)
 .debug_info    0x00008f47      0x7c5 C:/msys64/mingw64/bin/../lib/gcc/arm-none-eabi/13.3.0/../../../../arm-none-eabi/lib/thumb/v7e-m+fp/hard\libc_nano.a(libc_a-writer.o)
 .debug_info    0x0000970c      0x10b C:/msys64/mingw64/bin/../lib/gcc/arm-none-eabi/13.3.0/../../../../arm-none-eabi/lib/thumb/v7e-m+fp/hard\libc_nano.a(libc_a-init.o)
 .debug_info    0x00009817       0xf7 C:/msys64/mingw64/bin/../lib/gcc/arm-none-eabi/13.3.0/../../../../arm-none-eabi/lib/thumb/v7e-m+fp/hard\libc_nano.a(libc_a-fini.o)
 .debug_info    0x0000990e      0x218 C:/msys64/mingw64/bin/../lib/gcc/arm-none-eabi/13.3.0/../../../../arm-none-eabi/lib/thumb/v7e-m+fp/hard\libc_nano.a(libc_a-lock.o)
 .debug_info    0x00009b26       0x25 C:/msys64/mingw64/bin/../lib/gcc/arm-none-eabi/13.3.0/../../../../arm-none-eabi/lib/thumb/v7e-m+fp/hard\libc_nano.a(libc_a-memchr.o)